Archive member included to satisfy reference by file (symbol)

C:/ST/STM32CubeIDE_1.17.0/STM32CubeIDE/plugins/com.st.stm32cube.ide.mcu.externaltools.gnu-tools-for-stm32.14.3.rel1.win32_1.0.100.202602081740/tools/bin/../lib/gcc/arm-none-eabi/14.3.1/../../../../arm-none-eabi/lib/thumb/v7-m/nofp\libc_nano.a(libc_a-exit.o)
                              C:/ST/STM32CubeIDE_1.17.0/STM32CubeIDE/plugins/com.st.stm32cube.ide.mcu.externaltools.gnu-tools-for-stm32.14.3.rel1.win32_1.0.100.202602081740/tools/bin/../lib/gcc/arm-none-eabi/14.3.1/../../../../arm-none-eabi/lib/thumb/v7-m/nofp/crt0.o (exit)
C:/ST/STM32CubeIDE_1.17.0/STM32CubeIDE/plugins/com.st.stm32cube.ide.mcu.externaltools.gnu-tools-for-stm32.14.3.rel1.win32_1.0.100.202602081740/tools/bin/../lib/gcc/arm-none-eabi/14.3.1/../../../../arm-none-eabi/lib/thumb/v7-m/nofp\libc_nano.a(libc_a-findfp.o)
                              C:/ST/STM32CubeIDE_1.17.0/STM32CubeIDE/plugins/com.st.stm32cube.ide.mcu.externaltools.gnu-tools-for-stm32.14.3.rel1.win32_1.0.100.202602081740/tools/bin/../lib/gcc/arm-none-eabi/14.3.1/../../../../arm-none-eabi/lib/thumb/v7-m/nofp\libc_nano.a(libc_a-exit.o) (__stdio_exit_handler)
C:/ST/STM32CubeIDE_1.17.0/STM32CubeIDE/plugins/com.st.stm32cube.ide.mcu.externaltools.gnu-tools-for-stm32.14.3.rel1.win32_1.0.100.202602081740/tools/bin/../lib/gcc/arm-none-eabi/14.3.1/../../../../arm-none-eabi/lib/thumb/v7-m/nofp\libc_nano.a(libc_a-fwalk.o)
                              C:/ST/STM32CubeIDE_1.17.0/STM32CubeIDE/plugins/com.st.stm32cube.ide.mcu.externaltools.gnu-tools-for-stm32.14.3.rel1.win32_1.0.100.202602081740/tools/bin/../lib/gcc/arm-none-eabi/14.3.1/../../../../arm-none-eabi/lib/thumb/v7-m/nofp\libc_nano.a(libc_a-findfp.o) (_fwalk_sglue)
C:/ST/STM32CubeIDE_1.17.0/STM32CubeIDE/plugins/com.st.stm32cube.ide.mcu.externaltools.gnu-tools-for-stm32.14.3.rel1.win32_1.0.100.202602081740/tools/bin/../lib/gcc/arm-none-eabi/14.3.1/../../../../arm-none-eabi/lib/thumb/v7-m/nofp\libc_nano.a(libc_a-snprintf.o)
                              ./Core/Src/dcf77.o (snprintf)
C:/ST/STM32CubeIDE_1.17.0/STM32CubeIDE/plugins/com.st.stm32cube.ide.mcu.externaltools.gnu-tools-for-stm32.14.3.rel1.win32_1.0.100.202602081740/tools/bin/../lib/gcc/arm-none-eabi/14.3.1/../../../../arm-none-eabi/lib/thumb/v7-m/nofp\libc_nano.a(libc_a-stdio.o)
                              C:/ST/STM32CubeIDE_1.17.0/STM32CubeIDE/plugins/com.st.stm32cube.ide.mcu.externaltools.gnu-tools-for-stm32.14.3.rel1.win32_1.0.100.202602081740/tools/bin/../lib/gcc/arm-none-eabi/14.3.1/../../../../arm-none-eabi/lib/thumb/v7-m/nofp\libc_nano.a(libc_a-findfp.o) (__sread)
C:/ST/STM32CubeIDE_1.17.0/STM32CubeIDE/plugins/com.st.stm32cube.ide.mcu.externaltools.gnu-tools-for-stm32.14.3.rel1.win32_1.0.100.202602081740/tools/bin/../lib/gcc/arm-none-eabi/14.3.1/../../../../arm-none-eabi/lib/thumb/v7-m/nofp\libc_nano.a(libc_a-vsnprintf.o)
                              ./Core/Src/debug.o (vsnprintf)
C:/ST/STM32CubeIDE_1.17.0/STM32CubeIDE/plugins/com.st.stm32cube.ide.mcu.externaltools.gnu-tools-for-stm32.14.3.rel1.win32_1.0.100.202602081740/tools/bin/../lib/gcc/arm-none-eabi/14.3.1/../../../../arm-none-eabi/lib/thumb/v7-m/nofp\libc_nano.a(libc_a-memset.o)
                              C:/ST/STM32CubeIDE_1.17.0/STM32CubeIDE/plugins/com.st.stm32cube.ide.mcu.externaltools.gnu-tools-for-stm32.14.3.rel1.win32_1.0.100.202602081740/tools/bin/../lib/gcc/arm-none-eabi/14.3.1/../../../../arm-none-eabi/lib/thumb/v7-m/nofp/crt0.o (memset)
C:/ST/STM32CubeIDE_1.17.0/STM32CubeIDE/plugins/com.st.stm32cube.ide.mcu.externaltools.gnu-tools-for-stm32.14.3.rel1.win32_1.0.100.202602081740/tools/bin/../lib/gcc/arm-none-eabi/14.3.1/../../../../arm-none-eabi/lib/thumb/v7-m/nofp\libc_nano.a(libc_a-closer.o)
                              C:/ST/STM32CubeIDE_1.17.0/STM32CubeIDE/plugins/com.st.stm32cube.ide.mcu.externaltools.gnu-tools-for-stm32.14.3.rel1.win32_1.0.100.202602081740/tools/bin/../lib/gcc/arm-none-eabi/14.3.1/../../../../arm-none-eabi/lib/thumb/v7-m/nofp\libc_nano.a(libc_a-stdio.o) (_close_r)
C:/ST/STM32CubeIDE_1.17.0/STM32CubeIDE/plugins/com.st.stm32cube.ide.mcu.externaltools.gnu-tools-for-stm32.14.3.rel1.win32_1.0.100.202602081740/tools/bin/../lib/gcc/arm-none-eabi/14.3.1/../../../../arm-none-eabi/lib/thumb/v7-m/nofp\libc_nano.a(libc_a-reent.o)
                              C:/ST/STM32CubeIDE_1.17.0/STM32CubeIDE/plugins/com.st.stm32cube.ide.mcu.externaltools.gnu-tools-for-stm32.14.3.rel1.win32_1.0.100.202602081740/tools/bin/../lib/gcc/arm-none-eabi/14.3.1/../../../../arm-none-eabi/lib/thumb/v7-m/nofp\libc_nano.a(libc_a-closer.o) (errno)
C:/ST/STM32CubeIDE_1.17.0/STM32CubeIDE/plugins/com.st.stm32cube.ide.mcu.externaltools.gnu-tools-for-stm32.14.3.rel1.win32_1.0.100.202602081740/tools/bin/../lib/gcc/arm-none-eabi/14.3.1/../../../../arm-none-eabi/lib/thumb/v7-m/nofp\libc_nano.a(libc_a-impure.o)
[...]
Memory Configuration

Name             Origin             Length             Attributes
RAM              0x20000000         0x00005000         xrw
FLASH            0x08000000         0x00010000         xr
*default*        0x00000000         0xffffffff

Linker script and memory map

LOAD C:/ST/STM32CubeIDE_1.17.0/STM32CubeIDE/plugins/com.st.stm32cube.ide.mcu.externaltools.gnu-tools-for-stm32.14.3.rel1.win32_1.0.100.202602081740/tools/bin/../lib/gcc/arm-none-eabi/14.3.1/thumb/v7-m/nofp/crti.o
LOAD C:/ST/STM32CubeIDE_1.17.0/STM32CubeIDE/plugins/com.st.stm32cube.ide.mcu.externaltools.gnu-tools-for-stm32.14.3.rel1.win32_1.0.100.202602081740/tools/bin/../lib/gcc/arm-none-eabi/14.3.1/thumb/v7-m/nofp/crtbegin.o
LOAD C:/ST/STM32CubeIDE_1.17.0/STM32CubeIDE/plugins/com.st.stm32cube.ide.mcu.externaltools.gnu-tools-for-stm32.14.3.rel1.win32_1.0.100.202602081740/tools/bin/../lib/gcc/arm-none-eabi/14.3.1/../../../../arm-none-eabi/lib/thumb/v7-m/nofp/crt0.o
LOAD ./Core/Src/dcf77.o
LOAD ./Core/Src/dcf77_bridge.o
LOAD ./Core/Src/debug.o
LOAD ./Core/Src/dma.o
LOAD ./Core/Src/gpio.o
LOAD ./Core/Src/main.o
LOAD ./Core/Src/stm32f1xx_hal_msp.o
LOAD ./Core/Src/stm32f1xx_it.o
LOAD ./Core/Src/syscalls.o
LOAD ./Core/Src/sysmem.o
LOAD ./Core/Src/system_stm32f1xx.o
LOAD ./Core/Src/tim.o
LOAD ./Core/Src/usart.o
LOAD ./Core/Startup/startup_stm32f103c8tx.o
LOAD ./Drivers/STM32F1xx_HAL_Driver/Src/stm32f1xx_hal.o
LOAD ./Drivers/STM32F1xx_HAL_Driver/Src/stm32f1xx_hal_cortex.o
LOAD ./Drivers/STM32F1xx_HAL_Driver/Src/stm32f1xx_hal_dma.o
LOAD ./Drivers/STM32F1xx_HAL_Driver/Src/stm32f1xx_hal_exti.o
LOAD ./Drivers/STM32F1xx_HAL_Driver/Src/stm32f1xx_hal_flash.o
LOAD ./Drivers/STM32F1xx_HAL_Driver/Src/stm32f1xx_hal_flash_ex.o
LOAD ./Drivers/STM32F1xx_HAL_Driver/Src/stm32f1xx_hal_gpio.o
LOAD ./Drivers/STM32F1xx_HAL_Driver/Src/stm32f1xx_hal_gpio_ex.o
LOAD ./Drivers/STM32F1xx_HAL_Driver/Src/stm32f1xx_hal_pwr.o
LOAD ./Drivers/STM32F1xx_HAL_Driver/Src/stm32f1xx_hal_rcc.o
LOAD ./Drivers/STM32F1xx_HAL_Driver/Src/stm32f1xx_hal_rcc_ex.o
LOAD ./Drivers/STM32F1xx_HAL_Driver/Src/stm32f1xx_hal_tim.o
LOAD ./Drivers/STM32F1xx_HAL_Driver/Src/stm32f1xx_hal_tim_ex.o
LOAD ./Drivers/STM32F1xx_HAL_Driver/Src/stm32f1xx_hal_uart.o
START GROUP
LOAD C:/ST/STM32CubeIDE_1.17.0/STM32CubeIDE/plugins/com.st.stm32cube.ide.mcu.externaltools.gnu-tools-for-stm32.14.3.rel1.win32_1.0.100.202602081740/tools/bin/../lib/gcc/arm-none-eabi/14.3.1/../../../../arm-none-eabi/lib/thumb/v7-m/nofp\libstdc++_nano.a
LOAD C:/ST/STM32CubeIDE_1.17.0/STM32CubeIDE/plugins/com.st.stm32cube.ide.mcu.externaltools.gnu-tools-for-stm32.14.3.rel1.win32_1.0.100.202602081740/tools/bin/../lib/gcc/arm-none-eabi/14.3.1/../../../../arm-none-eabi/lib/thumb/v7-m/nofp\libsupc++_nano.a
END GROUP
LOAD C:/ST/STM32CubeIDE_1.17.0/STM32CubeIDE/plugins/com.st.stm32cube.ide.mcu.externaltools.gnu-tools-for-stm32.14.3.rel1.win32_1.0.100.202602081740/tools/bin/../lib/gcc/arm-none-eabi/14.3.1/../../../../arm-none-eabi/lib/thumb/v7-m/nofp\libstdc++_nano.a
LOAD C:/ST/STM32CubeIDE_1.17.0/STM32CubeIDE/plugins/com.st.stm32cube.ide.mcu.externaltools.gnu-tools-for-stm32.14.3.rel1.win32_1.0.100.202602081740/tools/bin/../lib/gcc/arm-none-eabi/14.3.1/../../../../arm-none-eabi/lib/thumb/v7-m/nofp\libm.a
LOAD C:/ST/STM32CubeIDE_1.17.0/STM32CubeIDE/plugins/com.st.stm32cube.ide.mcu.externaltools.gnu-tools-for-stm32.14.3.rel1.win32_1.0.100.202602081740/tools/bin/../lib/gcc/arm-none-eabi/14.3.1/../../../../arm-none-eabi/lib/thumb/v7-m/nofp\libc_nano.a
START GROUP
LOAD C:/ST/STM32CubeIDE_1.17.0/STM32CubeIDE/plugins/com.st.stm32cube.ide.mcu.externaltools.gnu-tools-for-stm32.14.3.rel1.win32_1.0.100.202602081740/tools/bin/../lib/gcc/arm-none-eabi/14.3.1/thumb/v7-m/nofp\libgcc.a
LOAD C:/ST/STM32CubeIDE_1.17.0/STM32CubeIDE/plugins/com.st.stm32cube.ide.mcu.externaltools.gnu-tools-for-stm32.14.3.rel1.win32_1.0.100.202602081740/tools/bin/../lib/gcc/arm-none-eabi/14.3.1/../../../../arm-none-eabi/lib/thumb/v7-m/nofp\libc_nano.a
END GROUP
START GROUP
LOAD C:/ST/STM32CubeIDE_1.17.0/STM32CubeIDE/plugins/com.st.stm32cube.ide.mcu.externaltools.gnu-tools-for-stm32.14.3.rel1.win32_1.0.100.202602081740/tools/bin/../lib/gcc/arm-none-eabi/14.3.1/thumb/v7-m/nofp\libgcc.a
LOAD C:/ST/STM32CubeIDE_1.17.0/STM32CubeIDE/plugins/com.st.stm32cube.ide.mcu.externaltools.gnu-tools-for-stm32.14.3.rel1.win32_1.0.100.202602081740/tools/bin/../lib/gcc/arm-none-eabi/14.3.1/../../../../arm-none-eabi/lib/thumb/v7-m/nofp\libc_nano.a
END GROUP
LOAD C:/ST/STM32CubeIDE_1.17.0/STM32CubeIDE/plugins/com.st.stm32cube.ide.mcu.externaltools.gnu-tools-for-stm32.14.3.rel1.win32_1.0.100.202602081740/tools/bin/../lib/gcc/arm-none-eabi/14.3.1/thumb/v7-m/nofp/crtend.o
LOAD C:/ST/STM32CubeIDE_1.17.0/STM32CubeIDE/plugins/com.st.stm32cube.ide.mcu.externaltools.gnu-tools-for-stm32.14.3.rel1.win32_1.0.100.202602081740/tools/bin/../lib/gcc/arm-none-eabi/14.3.1/thumb/v7-m/nofp/crtn.o
                0x20005000                        _estack = (ORIGIN (RAM) + LENGTH (RAM))
                0x00000200                        _Min_Heap_Size = 0x200
                0x00000400                        _Min_Stack_Size = 0x400

.isr_vector     0x08000000      0x10c
                0x08000000                        . = ALIGN (0x4)
 *(.isr_vector)
 .isr_vector    0x08000000      0x10c ./Core/Startup/startup_stm32f103c8tx.o
                0x08000000                g_pfnVectors
                0x0800010c                        . = ALIGN (0x4)

.text           0x0800010c     0x9258
                0x0800010c                        . = ALIGN (0x4)
 *(.text)
 .text          0x0800010c       0x40 C:/ST/STM32CubeIDE_1.17.0/STM32CubeIDE/plugins/com.st.stm32cube.ide.mcu.externaltools.gnu-tools-for-stm32.14.3.rel1.win32_1.0.100.202602081740/tools/bin/../lib/gcc/arm-none-eabi/14.3.1/thumb/v7-m/nofp/crtbegin.o
 *(.text*)
 .text.__dcf_disable_irq
                0x0800014c       0x1e ./Core/Src/dcf77.o
 .text.__dcf_restore_irq
                0x0800016a       0x1c ./Core/Src/dcf77.o
 .text._ZN8Internal23DCF77_Frequency_Control27generic_deviation_tracker_t5startEh
                0x08000186       0x22 ./Core/Src/dcf77.o
                0x08000186                Internal::DCF77_Frequency_Control::generic_deviation_tracker_t::start(unsigned char)
 .text._ZN8Internal23DCF77_Frequency_Control27generic_deviation_tracker_t12process_tickEv
                0x080001a8       0x4e ./Core/Src/dcf77.o
                0x080001a8                Internal::DCF77_Frequency_Control::generic_deviation_tracker_t::process_tick()
 *fill*         0x080001f6        0x2 
 .text._ZN8Internal23DCF77_Frequency_Control27generic_deviation_tracker_t23compute_phase_deviationEhh
                0x080001f8       0x68 ./Core/Src/dcf77.o
                0x080001f8                Internal::DCF77_Frequency_Control::generic_deviation_tracker_t::compute_phase_deviation(unsigned char, unsigned char)
 .text._ZN8Internal23DCF77_Frequency_Control27generic_deviation_tracker_t7timeoutEv
                0x08000260       0x26 ./Core/Src/dcf77.o
                0x08000260                Internal::DCF77_Frequency_Control::generic_deviation_tracker_t::timeout()
 .text._ZN8Internal23DCF77_Frequency_Control27generic_deviation_tracker_t11good_enoughEv
                0x08000286       0x22 ./Core/Src/dcf77.o
                0x08000286                Internal::DCF77_Frequency_Control::generic_deviation_tracker_t::good_enough()
 .text._ZN3BCD9incrementERNS_5bcd_tE
                0x080002a8       0x7e ./Core/Src/dcf77.o
                0x080002a8                BCD::increment(BCD::bcd_t&)
 *fill*         0x08000326        0x2 
 .text._ZN3BCD10int_to_bcdEh
                0x08000328       0x5c ./Core/Src/dcf77.o
                0x08000328                BCD::int_to_bcd(unsigned char)
 .text._ZN3BCD10bcd_to_intENS_5bcd_tE
                0x08000384       0x32 ./Core/Src/dcf77.o
                0x08000384                BCD::bcd_to_int(BCD::bcd_t)
 .text._ZN8Internal16Arithmetic_Tools6parityEh
                0x080003b6       0x50 ./Core/Src/dcf77.o
                0x080003b6                Internal::Arithmetic_Tools::parity(unsigned char)
 .text._ZN8Internal16Arithmetic_Tools7set_bitEhhh
                0x08000406       0x50 ./Core/Src/dcf77.o
                0x08000406                Internal::Arithmetic_Tools::set_bit(unsigned char, unsigned char, unsigned char)
 .text._ZN8Internal18DCF77_Flag_Decoder9cummulateERab
                0x08000456       0x64 ./Core/Src/dcf77.o
                0x08000456                Internal::DCF77_Flag_Decoder::cummulate(signed char&, bool)
 *fill*         0x080004ba        0x2 
 .text._ZN8Internal18DCF77_Flag_Decoder12process_tickEhh
                0x080004bc      0x16c ./Core/Src/dcf77.o
                0x080004bc                Internal::DCF77_Flag_Decoder::process_tick(unsigned char, unsigned char)
 .text._ZN8Internal18DCF77_Flag_Decoder25reset_after_previous_hourEv
                0x08000628       0x2e ./Core/Src/dcf77.o
                0x08000628                Internal::DCF77_Flag_Decoder::reset_after_previous_hour()
 .text._ZN8Internal18DCF77_Flag_Decoder20reset_before_new_dayEv
                0x08000656       0x18 ./Core/Src/dcf77.o
                0x08000656                Internal::DCF77_Flag_Decoder::reset_before_new_day()
 .text._ZN8Internal18DCF77_Flag_Decoder19get_uses_summertimeEv
                0x0800066e       0x20 ./Core/Src/dcf77.o
                0x0800066e                Internal::DCF77_Flag_Decoder::get_uses_summertime()
 .text._ZN8Internal18DCF77_Flag_Decoder34get_abnormal_transmitter_operationEv
                0x0800068e       0x16 ./Core/Src/dcf77.o
                0x0800068e                Internal::DCF77_Flag_Decoder::get_abnormal_transmitter_operation()
 .text._ZN8Internal18DCF77_Flag_Decoder29get_timezone_change_scheduledEv
                0x080006a4       0x22 ./Core/Src/dcf77.o
                0x080006a4                Internal::DCF77_Flag_Decoder::get_timezone_change_scheduled()
 .text._ZN8Internal18DCF77_Flag_Decoder25get_leap_second_scheduledEv
                0x080006c6       0x22 ./Core/Src/dcf77.o
                0x080006c6                Internal::DCF77_Flag_Decoder::get_leap_second_scheduled()
 .text._ZN8Internal20DCF77_Decade_Decoder12process_tickEhh
                0x080006e8       0x24 ./Core/Src/dcf77.o
                0x080006e8                Internal::DCF77_Decade_Decoder::process_tick(unsigned char, unsigned char)
 .text._ZN8Internal18DCF77_Year_Decoder12advance_tickEv
                0x0800070c       0x3c ./Core/Src/dcf77.o
                0x0800070c                Internal::DCF77_Year_Decoder::advance_tick()
 .text._ZN8Internal18DCF77_Year_Decoder12process_tickEhh
                0x08000748       0x32 ./Core/Src/dcf77.o
                0x08000748                Internal::DCF77_Year_Decoder::process_tick(unsigned char, unsigned char)
 .text._ZN8Internal18DCF77_Year_Decoder18get_quality_factorEv
                0x0800077a       0x38 ./Core/Src/dcf77.o
                0x0800077a                Internal::DCF77_Year_Decoder::get_quality_factor()
 .text._ZN8Internal18DCF77_Year_Decoder14get_time_valueEv
                0x080007b2       0x4c ./Core/Src/dcf77.o
                0x080007b2                Internal::DCF77_Year_Decoder::get_time_value()
 .text._ZN8Internal18DCF77_Year_Decoder5setupEv
                0x080007fe       0x22 ./Core/Src/dcf77.o
                0x080007fe                Internal::DCF77_Year_Decoder::setup()
 .text._ZN8Internal19DCF77_Month_Decoder12process_tickEhh
                0x08000820       0x24 ./Core/Src/dcf77.o
                0x08000820                Internal::DCF77_Month_Decoder::process_tick(unsigned char, unsigned char)
 .text._ZN8Internal21DCF77_Weekday_Decoder12process_tickEhh
                0x08000844       0x24 ./Core/Src/dcf77.o
                0x08000844                Internal::DCF77_Weekday_Decoder::process_tick(unsigned char, unsigned char)
 .text._ZN8Internal17DCF77_Day_Decoder12process_tickEhh
                0x08000868       0x24 ./Core/Src/dcf77.o
                0x08000868                Internal::DCF77_Day_Decoder::process_tick(unsigned char, unsigned char)
 .text._ZN8Internal18DCF77_Hour_Decoder12process_tickEhh
                0x0800088c       0x24 ./Core/Src/dcf77.o
                0x0800088c                Internal::DCF77_Hour_Decoder::process_tick(unsigned char, unsigned char)
 .text._ZN8Internal20DCF77_Minute_Decoder12process_tickEhh
                0x080008b0       0x24 ./Core/Src/dcf77.o
                0x080008b0                Internal::DCF77_Minute_Decoder::process_tick(unsigned char, unsigned char)
 .text._ZN8Internal20DCF77_Second_Decoder5setupEv
                0x080008d4       0x28 ./Core/Src/dcf77.o
                0x080008d4                Internal::DCF77_Second_Decoder::setup()
 .text._ZN8Internal20DCF77_Second_Decoder20set_convolution_timeERKNS_13DCF77_EncoderE
                0x080008fc       0x4c ./Core/Src/dcf77.o
                0x080008fc                Internal::DCF77_Second_Decoder::set_convolution_time(Internal::DCF77_Encoder const&)
 .text._ZN8Internal20DCF77_Second_Decoder19convolution_binningEh
                0x08000948      0x2e0 ./Core/Src/dcf77.o
                0x08000948                Internal::DCF77_Second_Decoder::convolution_binning(unsigned char)
 .text._ZN8Internal20DCF77_Second_Decoder17sync_mark_binningEh
                0x08000c28      0x33e ./Core/Src/dcf77.o
                0x08000c28                Internal::DCF77_Second_Decoder::sync_mark_binning(unsigned char)
 .text._ZN8Internal20DCF77_Second_Decoder14get_time_valueEv
                0x08000f66       0x4e ./Core/Src/dcf77.o
                0x08000f66                Internal::DCF77_Second_Decoder::get_time_value()
 .text._ZN8Internal20DCF77_Second_Decoder7binningENS_5DCF776tick_tE
                0x08000fb4       0x34 ./Core/Src/dcf77.o
                0x08000fb4                Internal::DCF77_Second_Decoder::binning(Internal::DCF77::tick_t)
 .text._ZNK8Internal13DCF77_Encoder14days_per_monthEv
                0x08000fe8       0x94 ./Core/Src/dcf77.o
                0x08000fe8                Internal::DCF77_Encoder::days_per_month() const
 .text._ZN8Internal13DCF77_Encoder5resetEv
                0x0800107c       0x8c ./Core/Src/dcf77.o
                0x0800107c                Internal::DCF77_Encoder::reset()
 .text._ZNK8Internal13DCF77_Encoder11get_weekdayEv
                0x08001108       0xcc ./Core/Src/dcf77.o
                0x08001108                Internal::DCF77_Encoder::get_weekday() const
 .text._ZNK8Internal13DCF77_Encoder15get_bcd_weekdayEv
                0x080011d4       0x26 ./Core/Src/dcf77.o
                0x080011d4                Internal::DCF77_Encoder::get_bcd_weekday() const
 .text._ZN8Internal13DCF77_Encoder15autoset_weekdayEv
                0x080011fa       0x1a ./Core/Src/dcf77.o
                0x080011fa                Internal::DCF77_Encoder::autoset_weekday()
 .text._ZN8Internal13DCF77_Encoder16autoset_timezoneEv
                0x08001214      0x122 ./Core/Src/dcf77.o
                0x08001214                Internal::DCF77_Encoder::autoset_timezone()
 .text._ZN8Internal13DCF77_Encoder33autoset_timezone_change_scheduledEv
                0x08001336      0x100 ./Core/Src/dcf77.o
                0x08001336                Internal::DCF77_Encoder::autoset_timezone_change_scheduled()
 .text._ZNK8Internal13DCF77_Encoder28verify_leap_second_scheduledEb
                0x08001436       0xcc ./Core/Src/dcf77.o
                0x08001436                Internal::DCF77_Encoder::verify_leap_second_scheduled(bool) const
 .text._ZN8Internal13DCF77_Encoder20autoset_control_bitsEv
                0x08001502       0x38 ./Core/Src/dcf77.o
                0x08001502                Internal::DCF77_Encoder::autoset_control_bits()
 .text._ZN8Internal13DCF77_Encoder14advance_minuteEv
                0x0800153a      0x18c ./Core/Src/dcf77.o
                0x0800153a                Internal::DCF77_Encoder::advance_minute()
 .text._ZN8Internal13DCF77_Encoder14advance_secondEv
                0x080016c6       0x80 ./Core/Src/dcf77.o
                0x080016c6                Internal::DCF77_Encoder::advance_second()
 *fill*         0x08001746        0x2 
 .text._ZNK8Internal13DCF77_Encoder18get_current_signalEv
                0x08001748      0x888 ./Core/Src/dcf77.o
                0x08001748                Internal::DCF77_Encoder::get_current_signal() const
 .text._ZNK8Internal13DCF77_Encoder27get_serialized_clock_streamERNS_5DCF7723serialized_clock_streamE
                0x08001fd0      0x1f2 ./Core/Src/dcf77.o
                0x08001fd0                Internal::DCF77_Encoder::get_serialized_clock_stream(Internal::DCF77::serialized_clock_stream&) const
 .text._ZN11DCF77_Clock5setupEPFhvEPFvRKN5Clock6time_tEE
                0x080021c2       0x22 ./Core/Src/dcf77.o
                0x080021c2                DCF77_Clock::setup(unsigned char (*)(), void (*)(Clock::time_t const&))
 .text._ZN11DCF77_Clock12convert_timeERKN8Internal13DCF77_EncoderERN5Clock6time_tE
                0x080021e4       0x7a ./Core/Src/dcf77.o
                0x080021e4                DCF77_Clock::convert_time(Internal::DCF77_Encoder const&, Clock::time_t&)
 .text._ZN11DCF77_Clock17read_current_timeERN5Clock6time_tE
                0x0800225e       0x26 ./Core/Src/dcf77.o
                0x0800225e                DCF77_Clock::read_current_time(Clock::time_t&)
 .text._ZN11DCF77_Clock15get_clock_stateEv
                0x08002284        0xe ./Core/Src/dcf77.o
                0x08002284                DCF77_Clock::get_clock_state()
 *fill*         0x08002292        0x2 
 .text._ZN8Internal23DCF77_Frequency_Control19qualify_calibrationEv
                0x08002294       0x1c ./Core/Src/dcf77.o
                0x08002294                Internal::DCF77_Frequency_Control::qualify_calibration()
 .text._ZN8Internal23DCF77_Frequency_Control21unqualify_calibrationEv
                0x080022b0       0x1c ./Core/Src/dcf77.o
                0x080022b0                Internal::DCF77_Frequency_Control::unqualify_calibration()
 .text._ZN8Internal23DCF77_Frequency_Control23compute_phase_deviationEhh
                0x080022cc       0x2c ./Core/Src/dcf77.o
                0x080022cc                Internal::DCF77_Frequency_Control::compute_phase_deviation(unsigned char, unsigned char)
 .text._ZN8Internal23DCF77_Frequency_Control6adjustEv
                0x080022f8       0xac ./Core/Src/dcf77.o
                0x080022f8                Internal::DCF77_Frequency_Control::adjust()
 .text._ZN8Internal23DCF77_Frequency_Control17process_1_Hz_tickERKNS_13DCF77_EncoderE
                0x080023a4      0x104 ./Core/Src/dcf77.o
                0x080023a4                Internal::DCF77_Frequency_Control::process_1_Hz_tick(Internal::DCF77_Encoder const&)
 .text._ZN8Internal23DCF77_Frequency_Control18process_1_kHz_tickEv
                0x080024a8       0x14 ./Core/Src/dcf77.o
                0x080024a8                Internal::DCF77_Frequency_Control::process_1_kHz_tick()
 .text._ZN8Internal23DCF77_Frequency_Control5setupEv
                0x080024bc        0xc ./Core/Src/dcf77.o
                0x080024bc                Internal::DCF77_Frequency_Control::setup()
 .text._ZN8Internal23Generic_1_kHz_Generator13zero_providerEv
                0x080024c8        0xe ./Core/Src/dcf77.o
                0x080024c8                Internal::Generic_1_kHz_Generator::zero_provider()
 *fill*         0x080024d6        0x2 
 .text._ZN8Internal23Generic_1_kHz_Generator6adjustEs
                0x080024d8       0x40 ./Core/Src/dcf77.o
                0x080024d8                Internal::Generic_1_kHz_Generator::adjust(short)
 .text._ZN8Internal23Generic_1_kHz_Generator15read_adjustmentEv
                0x08002518       0x48 ./Core/Src/dcf77.o
                0x08002518                Internal::Generic_1_kHz_Generator::read_adjustment()
 .text._ZN8Internal23Generic_1_kHz_Generator5setupEPFhvE
                0x08002560       0x1c ./Core/Src/dcf77.o
                0x08002560                Internal::Generic_1_kHz_Generator::setup(unsigned char (*)())
 .text._ZN8Internal7Binning7DecoderIhLt10EE11BCD_binningINS_32DCF77_Decade_template_parameters13BCD_binning_tEEEvhNT_8signal_tE
                0x0800257c      0x19a ./Core/Src/dcf77.o
                0x0800257c                void Internal::Binning::Decoder<unsigned char, (unsigned short)10>::BCD_binning<Internal::DCF77_Decade_template_parameters::BCD_binning_t>(unsigned char, Internal::DCF77_Decade_template_parameters::BCD_binning_t::signal_t)
 .text._ZN8Internal7Binning6bins_tIhhLt10EE12advance_tickEv
                0x08002716       0x2e ./Core/Src/dcf77.o
                0x08002716                Internal::Binning::bins_t<unsigned char, unsigned char, (unsigned short)10>::advance_tick()
 .text._ZN8Internal7Binning7DecoderIhLt10EE14get_time_valueEv
                0x08002744       0x64 ./Core/Src/dcf77.o
                0x08002744                Internal::Binning::Decoder<unsigned char, (unsigned short)10>::get_time_value()
 .text._ZN8Internal7Binning7DecoderIhLt10EE11BCD_binningINS_30DCF77_Year_template_parameters13BCD_binning_tEEEvhNT_8signal_tE
                0x080027a8      0x19a ./Core/Src/dcf77.o
                0x080027a8                void Internal::Binning::Decoder<unsigned char, (unsigned short)10>::BCD_binning<Internal::DCF77_Year_template_parameters::BCD_binning_t>(unsigned char, Internal::DCF77_Year_template_parameters::BCD_binning_t::signal_t)
 .text._ZN8Internal7Binning6bins_tIhhLt10EE18get_quality_factorEv
                0x08002942      0x170 ./Core/Src/dcf77.o
                0x08002942                Internal::Binning::bins_t<unsigned char, unsigned char, (unsigned short)10>::get_quality_factor()
 .text._ZN8Internal7Binning6bins_tIhhLt10EE5setupEv
                0x08002ab2       0x44 ./Core/Src/dcf77.o
                0x08002ab2                Internal::Binning::bins_t<unsigned char, unsigned char, (unsigned short)10>::setup()
 .text._ZN8Internal7Binning7DecoderIhLt12EE11BCD_binningINS_31DCF77_Month_template_parameters13BCD_binning_tEEEvhNT_8signal_tE
                0x08002af6      0x19a ./Core/Src/dcf77.o
                0x08002af6                void Internal::Binning::Decoder<unsigned char, (unsigned short)12>::BCD_binning<Internal::DCF77_Month_template_parameters::BCD_binning_t>(unsigned char, Internal::DCF77_Month_template_parameters::BCD_binning_t::signal_t)
 .text._ZN8Internal7Binning7DecoderIhLt7EE11BCD_binningINS_33DCF77_Weekday_template_parameters13BCD_binning_tEEEvhNT_8signal_tE
                0x08002c90      0x19a ./Core/Src/dcf77.o
                0x08002c90                void Internal::Binning::Decoder<unsigned char, (unsigned short)7>::BCD_binning<Internal::DCF77_Weekday_template_parameters::BCD_binning_t>(unsigned char, Internal::DCF77_Weekday_template_parameters::BCD_binning_t::signal_t)
 .text._ZN8Internal7Binning7DecoderIhLt31EE11BCD_binningINS_29DCF77_Day_template_parameters13BCD_binning_tEEEvhNT_8signal_tE
                0x08002e2a      0x19a ./Core/Src/dcf77.o
                0x08002e2a                void Internal::Binning::Decoder<unsigned char, (unsigned short)31>::BCD_binning<Internal::DCF77_Day_template_parameters::BCD_binning_t>(unsigned char, Internal::DCF77_Day_template_parameters::BCD_binning_t::signal_t)
 .text._ZN8Internal7Binning7DecoderIhLt24EE11BCD_binningINS_30DCF77_Hour_template_parameters13BCD_binning_tEEEvhNT_8signal_tE
                0x08002fc4      0x1c2 ./Core/Src/dcf77.o
                0x08002fc4                void Internal::Binning::Decoder<unsigned char, (unsigned short)24>::BCD_binning<Internal::DCF77_Hour_template_parameters::BCD_binning_t>(unsigned char, Internal::DCF77_Hour_template_parameters::BCD_binning_t::signal_t)
 .text._ZN8Internal7Binning7DecoderIhLt60EE11BCD_binningINS_32DCF77_Minute_template_parameters13BCD_binning_tEEEvhNT_8signal_tE
                0x08003186      0x1c4 ./Core/Src/dcf77.o
                0x08003186                void Internal::Binning::Decoder<unsigned char, (unsigned short)60>::BCD_binning<Internal::DCF77_Minute_template_parameters::BCD_binning_t>(unsigned char, Internal::DCF77_Minute_template_parameters::BCD_binning_t::signal_t)
 .text._ZN8Internal7Binning6bins_tIhhLt60EE5setupEv
                0x0800334a       0x4c ./Core/Src/dcf77.o
                0x0800334a                Internal::Binning::bins_t<unsigned char, unsigned char, (unsigned short)60>::setup()
 .text._ZN8Internal7Binning7DecoderIhLt60EE17compute_max_indexEv
                0x08003396       0x84 ./Core/Src/dcf77.o
                0x08003396                Internal::Binning::Decoder<unsigned char, (unsigned short)60>::compute_max_index()
 .text._ZN8Internal17DCF77_DemodulatorINS_22DCF77_Clock_ControllerI13ConfigurationNS_23DCF77_Frequency_ControlEEEEC2Ev
                0x0800341a       0x54 ./Core/Src/dcf77.o
                0x0800341a                Internal::DCF77_Demodulator<Internal::DCF77_Clock_Controller<Configuration, Internal::DCF77_Frequency_Control> >::DCF77_Demodulator()
                0x0800341a                Internal::DCF77_Demodulator<Internal::DCF77_Clock_Controller<Configuration, Internal::DCF77_Frequency_Control> >::DCF77_Demodulator()
 *fill*         0x0800346e        0x2 
 .text._ZN8Internal22DCF77_Clock_ControllerI13ConfigurationNS_23DCF77_Frequency_ControlEE5setupEv
                0x08003470       0x24 ./Core/Src/dcf77.o
                0x08003470                Internal::DCF77_Clock_Controller<Configuration, Internal::DCF77_Frequency_Control>::setup()
 .text._ZN8Internal22DCF77_Clock_ControllerI13ConfigurationNS_23DCF77_Frequency_ControlEE18set_output_handlerEPFvRKN5Clock6time_tEE
                0x08003494       0x1c ./Core/Src/dcf77.o
                0x08003494                Internal::DCF77_Clock_Controller<Configuration, Internal::DCF77_Frequency_Control>::set_output_handler(void (*)(Clock::time_t const&))
 .text._ZN8Internal22DCF77_Clock_ControllerI13ConfigurationNS_23DCF77_Frequency_ControlEE17read_current_timeERNS_13DCF77_EncoderE
                0x080034b0       0x1c ./Core/Src/dcf77.o
                0x080034b0                Internal::DCF77_Clock_Controller<Configuration, Internal::DCF77_Frequency_Control>::read_current_time(Internal::DCF77_Encoder&)
 .text._ZN8Internal22DCF77_Clock_ControllerI13ConfigurationNS_23DCF77_Frequency_ControlEE26get_overall_quality_factorEv
                0x080034cc      0x13c ./Core/Src/dcf77.o
                0x080034cc                Internal::DCF77_Clock_Controller<Configuration, Internal::DCF77_Frequency_Control>::get_overall_quality_factor()
 .text._ZN8Internal22DCF77_Clock_ControllerI13ConfigurationNS_23DCF77_Frequency_ControlEE15get_clock_stateEv
                0x08003608       0x14 ./Core/Src/dcf77.o
                0x08003608                Internal::DCF77_Clock_Controller<Configuration, Internal::DCF77_Frequency_Control>::get_clock_state()
 .text._ZN8Internal22DCF77_Clock_ControllerI13ConfigurationNS_23DCF77_Frequency_ControlEE14on_tuned_clockEv
                0x0800361c       0x1c ./Core/Src/dcf77.o
                0x0800361c                Internal::DCF77_Clock_Controller<Configuration, Internal::DCF77_Frequency_Control>::on_tuned_clock()
 .text._ZN8Internal22DCF77_Clock_ControllerI13ConfigurationNS_23DCF77_Frequency_ControlEE23process_1_kHz_tick_dataEh
                0x08003638       0x30 ./Core/Src/dcf77.o
                0x08003638                Internal::DCF77_Clock_Controller<Configuration, Internal::DCF77_Frequency_Control>::process_1_kHz_tick_data(unsigned char)
 .text._ZN8Internal7Binning7DecoderIhLt10EE17compute_max_indexEv
                0x08003668       0x70 ./Core/Src/dcf77.o
                0x08003668                Internal::Binning::Decoder<unsigned char, (unsigned short)10>::compute_max_index()
 .text._ZN8Internal7Binning5scoreIhhLh1EEEvRT_T0_b
                0x080036d8       0x42 ./Core/Src/dcf77.o
                0x080036d8                void Internal::Binning::score<unsigned char, unsigned char, (unsigned char)1>(unsigned char&, unsigned char, bool)
 .text._ZN8Internal16Arithmetic_Tools8maximizeIhEEvRT_S2_
                0x0800371a       0x26 ./Core/Src/dcf77.o
                0x0800371a                void Internal::Arithmetic_Tools::maximize<unsigned char>(unsigned char&, unsigned char)
 .text._ZN8Internal16Arithmetic_Tools8minimizeIhEEvRT_S2_
                0x08003740       0x26 ./Core/Src/dcf77.o
                0x08003740                void Internal::Arithmetic_Tools::minimize<unsigned char>(unsigned char&, unsigned char)
 .text._ZN8Internal7Binning7DecoderIhLt12EE17compute_max_indexEv
                0x08003766       0x70 ./Core/Src/dcf77.o
                0x08003766                Internal::Binning::Decoder<unsigned char, (unsigned short)12>::compute_max_index()
 .text._ZN8Internal7Binning7DecoderIhLt7EE17compute_max_indexEv
                0x080037d6       0x70 ./Core/Src/dcf77.o
                0x080037d6                Internal::Binning::Decoder<unsigned char, (unsigned short)7>::compute_max_index()
 .text._ZN8Internal7Binning7DecoderIhLt31EE17compute_max_indexEv
                0x08003846       0x84 ./Core/Src/dcf77.o
                0x08003846                Internal::Binning::Decoder<unsigned char, (unsigned short)31>::compute_max_index()
 .text._ZN8Internal7Binning7DecoderIhLt24EE17compute_max_indexEv
                0x080038ca       0x70 ./Core/Src/dcf77.o
                0x080038ca                Internal::Binning::Decoder<unsigned char, (unsigned short)24>::compute_max_index()
 .text._ZN8Internal17DCF77_DemodulatorINS_22DCF77_Clock_ControllerI13ConfigurationNS_23DCF77_Frequency_ControlEEEE5setupEv
                0x0800393a       0x40 ./Core/Src/dcf77.o
                0x0800393a                Internal::DCF77_Demodulator<Internal::DCF77_Clock_Controller<Configuration, Internal::DCF77_Frequency_Control> >::setup()
 *fill*         0x0800397a        0x2 
 .text._ZN8Internal22DCF77_Clock_ControllerI13ConfigurationNS_23DCF77_Frequency_ControlEE24phase_lost_event_handlerEv
                0x0800397c       0x58 ./Core/Src/dcf77.o
                0x0800397c                Internal::DCF77_Clock_Controller<Configuration, Internal::DCF77_Frequency_Control>::phase_lost_event_handler()
 .text._ZN8Internal17DCF77_Local_ClockINS_22DCF77_Clock_ControllerI13ConfigurationNS_23DCF77_Frequency_ControlEEEE5setupEv
                0x080039d4       0x34 ./Core/Src/dcf77.o
                0x080039d4                Internal::DCF77_Local_Clock<Internal::DCF77_Clock_Controller<Configuration, Internal::DCF77_Frequency_Control> >::setup()
 .text._ZN8Internal7Binning7DecoderIhLt60EE14get_time_valueEv
                0x08003a08       0x6c ./Core/Src/dcf77.o
                0x08003a08                Internal::Binning::Decoder<unsigned char, (unsigned short)60>::get_time_value()
 .text._ZN8Internal7Binning7DecoderIhLt24EE14get_time_valueEv
                0x08003a74       0x64 ./Core/Src/dcf77.o
                0x08003a74                Internal::Binning::Decoder<unsigned char, (unsigned short)24>::get_time_value()
 .text._ZN8Internal7Binning7DecoderIhLt7EE14get_time_valueEv
                0x08003ad8       0x68 ./Core/Src/dcf77.o
                0x08003ad8                Internal::Binning::Decoder<unsigned char, (unsigned short)7>::get_time_value()
 .text._ZN8Internal7Binning7DecoderIhLt31EE14get_time_valueEv
                0x08003b40       0x6c ./Core/Src/dcf77.o
                0x08003b40                Internal::Binning::Decoder<unsigned char, (unsigned short)31>::get_time_value()
 .text._ZN8Internal7Binning7DecoderIhLt12EE14get_time_valueEv
                0x08003bac       0x68 ./Core/Src/dcf77.o
                0x08003bac                Internal::Binning::Decoder<unsigned char, (unsigned short)12>::get_time_value()
 .text._ZN8Internal17DCF77_Local_ClockINS_22DCF77_Clock_ControllerI13ConfigurationNS_23DCF77_Frequency_ControlEEEE17read_current_timeERNS_13DCF77_EncoderE
                0x08003c14       0x42 ./Core/Src/dcf77.o
                0x08003c14                Internal::DCF77_Local_Clock<Internal::DCF77_Clock_Controller<Configuration, Internal::DCF77_Frequency_Control> >::read_current_time(Internal::DCF77_Encoder&)
 .text._ZN8Internal7Binning6bins_tItmLt1000EE18get_quality_factorEv
                0x08003c56       0x9a ./Core/Src/dcf77.o
                0x08003c56                Internal::Binning::bins_t<unsigned short, unsigned long, (unsigned short)1000>::get_quality_factor()
 .text._ZN8Internal7Binning6bins_tIhhLt60EE18get_quality_factorEv
                0x08003cf0      0x176 ./Core/Src/dcf77.o
                0x08003cf0                Internal::Binning::bins_t<unsigned char, unsigned char, (unsigned short)60>::get_quality_factor()
 .text._ZN8Internal7Binning6bins_tIhhLt24EE18get_quality_factorEv
                0x08003e66      0x170 ./Core/Src/dcf77.o
                0x08003e66                Internal::Binning::bins_t<unsigned char, unsigned char, (unsigned short)24>::get_quality_factor()
 .text._ZN8Internal7Binning6bins_tIhhLt31EE18get_quality_factorEv
                0x08003fd6      0x176 ./Core/Src/dcf77.o
                0x08003fd6                Internal::Binning::bins_t<unsigned char, unsigned char, (unsigned short)31>::get_quality_factor()
 .text._ZN8Internal7Binning6bins_tIhhLt12EE18get_quality_factorEv
                0x0800414c      0x170 ./Core/Src/dcf77.o
                0x0800414c                Internal::Binning::bins_t<unsigned char, unsigned char, (unsigned short)12>::get_quality_factor()
 .text._ZN8Internal7Binning6bins_tIhhLt7EE18get_quality_factorEv
                0x080042bc      0x170 ./Core/Src/dcf77.o
                0x080042bc                Internal::Binning::bins_t<unsigned char, unsigned char, (unsigned short)7>::get_quality_factor()
 .text._ZN8Internal17DCF77_Local_ClockINS_22DCF77_Clock_ControllerI13ConfigurationNS_23DCF77_Frequency_ControlEEEE9get_stateEv
                0x0800442c       0x16 ./Core/Src/dcf77.o
                0x0800442c                Internal::DCF77_Local_Clock<Internal::DCF77_Clock_Controller<Configuration, Internal::DCF77_Frequency_Control> >::get_state()
 .text._ZN8Internal17DCF77_DemodulatorINS_22DCF77_Clock_ControllerI13ConfigurationNS_23DCF77_Frequency_ControlEEEE19set_has_tuned_clockEv
                0x08004442       0x1c ./Core/Src/dcf77.o
                0x08004442                Internal::DCF77_Demodulator<Internal::DCF77_Clock_Controller<Configuration, Internal::DCF77_Frequency_Control> >::set_has_tuned_clock()
 .text._ZN8Internal17DCF77_Local_ClockINS_22DCF77_Clock_ControllerI13ConfigurationNS_23DCF77_Frequency_ControlEEEE19set_has_tuned_clockEv
                0x0800445e       0x1a ./Core/Src/dcf77.o
                0x0800445e                Internal::DCF77_Local_Clock<Internal::DCF77_Clock_Controller<Configuration, Internal::DCF77_Frequency_Control> >::set_has_tuned_clock()
 .text._ZN8Internal17DCF77_DemodulatorINS_22DCF77_Clock_ControllerI13ConfigurationNS_23DCF77_Frequency_ControlEEEE8detectorEh
                0x08004478      0x184 ./Core/Src/dcf77.o
                0x08004478                Internal::DCF77_Demodulator<Internal::DCF77_Clock_Controller<Configuration, Internal::DCF77_Frequency_Control> >::detector(unsigned char)
 .text._ZN8Internal17DCF77_Local_ClockINS_22DCF77_Clock_ControllerI13ConfigurationNS_23DCF77_Frequency_ControlEEEE18process_1_kHz_tickEv
                0x080045fc       0xba ./Core/Src/dcf77.o
                0x080045fc                Internal::DCF77_Local_Clock<Internal::DCF77_Clock_Controller<Configuration, Internal::DCF77_Frequency_Control> >::process_1_kHz_tick()
 .text._ZN8Internal7Binning6bins_tItmLt1000EE5setupEv
                0x080046b6       0x52 ./Core/Src/dcf77.o
                0x080046b6                Internal::Binning::bins_t<unsigned short, unsigned long, (unsigned short)1000>::setup()
 .text._ZN8Internal17DCF77_DemodulatorINS_22DCF77_Clock_ControllerI13ConfigurationNS_23DCF77_Frequency_ControlEEEE21reset_has_tuned_clockEv
                0x08004708       0x1a ./Core/Src/dcf77.o
                0x08004708                Internal::DCF77_Demodulator<Internal::DCF77_Clock_Controller<Configuration, Internal::DCF77_Frequency_Control> >::reset_has_tuned_clock()
 .text._ZN8Internal7Binning6bins_tIhhLt24EE5setupEv
                0x08004722       0x44 ./Core/Src/dcf77.o
                0x08004722                Internal::Binning::bins_t<unsigned char, unsigned char, (unsigned short)24>::setup()
 .text._ZN8Internal7Binning6bins_tIhhLt31EE5setupEv
                0x08004766       0x4a ./Core/Src/dcf77.o
                0x08004766                Internal::Binning::bins_t<unsigned char, unsigned char, (unsigned short)31>::setup()
 .text._ZN8Internal7Binning6bins_tIhhLt7EE5setupEv
                0x080047b0       0x44 ./Core/Src/dcf77.o
                0x080047b0                Internal::Binning::bins_t<unsigned char, unsigned char, (unsigned short)7>::setup()
 .text._ZN8Internal7Binning6bins_tIhhLt12EE5setupEv
                0x080047f4       0x44 ./Core/Src/dcf77.o
                0x080047f4                Internal::Binning::bins_t<unsigned char, unsigned char, (unsigned short)12>::setup()
 .text._ZN8Internal17DCF77_DemodulatorINS_22DCF77_Clock_ControllerI13ConfigurationNS_23DCF77_Frequency_ControlEEEE16detector_stage_2Eh
                0x08004838       0xa2 ./Core/Src/dcf77.o
                0x08004838                Internal::DCF77_Demodulator<Internal::DCF77_Clock_Controller<Configuration, Internal::DCF77_Frequency_Control> >::detector_stage_2(unsigned char)
 *fill*         0x080048da        0x2 
 .text._ZN8Internal22DCF77_Clock_ControllerI13ConfigurationNS_23DCF77_Frequency_ControlEE17local_clock_flushERKNS_13DCF77_EncoderE
                0x080048dc       0xac ./Core/Src/dcf77.o
                0x080048dc                Internal::DCF77_Clock_Controller<Configuration, Internal::DCF77_Frequency_Control>::local_clock_flush(Internal::DCF77_Encoder const&)
 .text._ZN8Internal7Binning6bins_tItmLt1000EE12advance_tickEv
                0x08004988       0x3a ./Core/Src/dcf77.o
                0x08004988                Internal::Binning::bins_t<unsigned short, unsigned long, (unsigned short)1000>::advance_tick()
 .text._ZN8Internal17DCF77_DemodulatorINS_22DCF77_Clock_ControllerI13ConfigurationNS_23DCF77_Frequency_ControlEEEE4wrapEt
                0x080049c2       0x2c ./Core/Src/dcf77.o
                0x080049c2                Internal::DCF77_Demodulator<Internal::DCF77_Clock_Controller<Configuration, Internal::DCF77_Frequency_Control> >::wrap(unsigned short)
 *fill*         0x080049ee        0x2 
 .text._ZN8Internal22DCF77_Clock_ControllerI13ConfigurationNS_23DCF77_Frequency_ControlEE5flushEv
                0x080049f0      0x150 ./Core/Src/dcf77.o
                0x080049f0                Internal::DCF77_Clock_Controller<Configuration, Internal::DCF77_Frequency_Control>::flush()
 .text._ZN8Internal17DCF77_DemodulatorINS_22DCF77_Clock_ControllerI13ConfigurationNS_23DCF77_Frequency_ControlEEEE12decode_200msEhh
                0x08004b40       0x8a ./Core/Src/dcf77.o
                0x08004b40                Internal::DCF77_Demodulator<Internal::DCF77_Clock_Controller<Configuration, Internal::DCF77_Frequency_Control> >::decode_200ms(unsigned char, unsigned char)
 *fill*         0x08004bca        0x2 
 .text._ZN8Internal22DCF77_Clock_ControllerI13ConfigurationNS_23DCF77_Frequency_ControlEE17set_DCF77_EncoderERNS_13DCF77_EncoderE
                0x08004bcc       0xcc ./Core/Src/dcf77.o
                0x08004bcc                Internal::DCF77_Clock_Controller<Configuration, Internal::DCF77_Frequency_Control>::set_DCF77_Encoder(Internal::DCF77_Encoder&)
 .text._ZN8Internal17DCF77_Local_ClockINS_22DCF77_Clock_ControllerI13ConfigurationNS_23DCF77_Frequency_ControlEEEE17process_1_Hz_tickERKNS_13DCF77_EncoderE
                0x08004c98      0x1b4 ./Core/Src/dcf77.o
                0x08004c98                Internal::DCF77_Local_Clock<Internal::DCF77_Clock_Controller<Configuration, Internal::DCF77_Frequency_Control> >::process_1_Hz_tick(Internal::DCF77_Encoder const&)
 .text._ZN8Internal22DCF77_Clock_ControllerI13ConfigurationNS_23DCF77_Frequency_ControlEE24process_single_tick_dataENS_5DCF776tick_tE
                0x08004e4c      0x1ec ./Core/Src/dcf77.o
                0x08004e4c                Internal::DCF77_Clock_Controller<Configuration, Internal::DCF77_Frequency_Control>::process_single_tick_data(Internal::DCF77::tick_t)
 .text._ZN8Internal22DCF77_Clock_ControllerI13ConfigurationNS_23DCF77_Frequency_ControlEE27sync_achieved_event_handlerEv
                0x08005038        0xc ./Core/Src/dcf77.o
                0x08005038                Internal::DCF77_Clock_Controller<Configuration, Internal::DCF77_Frequency_Control>::sync_achieved_event_handler()
 .text._ZN8Internal22DCF77_Clock_ControllerI13ConfigurationNS_23DCF77_Frequency_ControlEE23sync_lost_event_handlerEv
                0x08005044      0x13c ./Core/Src/dcf77.o
                0x08005044                Internal::DCF77_Clock_Controller<Configuration, Internal::DCF77_Frequency_Control>::sync_lost_event_handler()
 .text._ZN8Internal22DCF77_Clock_ControllerI13ConfigurationNS_23DCF77_Frequency_ControlEE30get_demodulator_quality_factorEv
                0x08005180       0x14 ./Core/Src/dcf77.o
                0x08005180                Internal::DCF77_Clock_Controller<Configuration, Internal::DCF77_Frequency_Control>::get_demodulator_quality_factor()
 .text._ZN8Internal7Binning6bins_tIhhLt60EE12advance_tickEv
                0x08005194       0x36 ./Core/Src/dcf77.o
                0x08005194                Internal::Binning::bins_t<unsigned char, unsigned char, (unsigned short)60>::advance_tick()
 .text._ZN8Internal7Binning6bins_tIhhLt24EE12advance_tickEv
                0x080051ca       0x2e ./Core/Src/dcf77.o
                0x080051ca                Internal::Binning::bins_t<unsigned char, unsigned char, (unsigned short)24>::advance_tick()
 .text._ZN8Internal7Binning6bins_tIhhLt7EE12advance_tickEv
                0x080051f8       0x2e ./Core/Src/dcf77.o
                0x080051f8                Internal::Binning::bins_t<unsigned char, unsigned char, (unsigned short)7>::advance_tick()
 .text._ZN8Internal7Binning6bins_tIhhLt31EE12advance_tickEv
                0x08005226       0x2e ./Core/Src/dcf77.o
                0x08005226                Internal::Binning::bins_t<unsigned char, unsigned char, (unsigned short)31>::advance_tick()
 .text._ZN8Internal7Binning6bins_tIhhLt12EE12advance_tickEv
                0x08005254       0x2e ./Core/Src/dcf77.o
                0x08005254                Internal::Binning::bins_t<unsigned char, unsigned char, (unsigned short)12>::advance_tick()
 *fill*         0x08005282        0x2 
 .text._Z41__static_initialization_and_destruction_0v
                0x08005284       0x30 ./Core/Src/dcf77.o
 .text._GLOBAL__sub_I__ZN8Internal5Debug12debug_helperEc
                0x080052b4        0xa ./Core/Src/dcf77.o
 *fill*         0x080052be        0x2 
 .text._ZN12_GLOBAL__N_123internal_output_handlerERKN5Clock6time_tE
                0x080052c0       0xb0 ./Core/Src/dcf77_bridge.o
 .text._ZN12_GLOBAL__N_123internal_input_providerEv
                0x08005370       0x24 ./Core/Src/dcf77_bridge.o
 .text._ZN12_GLOBAL__N_120clock_time_to_bridgeERKN5Clock6time_tEP12DCF77_Time_t
                0x08005394       0xb8 ./Core/Src/dcf77_bridge.o
 .text.dcf77_bridge_setup
                0x0800544c       0x4c ./Core/Src/dcf77_bridge.o
                0x0800544c                dcf77_bridge_setup
 .text.dcf77_bridge_isr_handler
                0x08005498       0xb8 ./Core/Src/dcf77_bridge.o
                0x08005498                dcf77_bridge_isr_handler
 .text.dcf77_bridge_read_current_time
                0x08005550       0x2e ./Core/Src/dcf77_bridge.o
                0x08005550                dcf77_bridge_read_current_time
 .text.dcf77_bridge_get_clock_state
                0x0800557e        0xe ./Core/Src/dcf77_bridge.o
                0x0800557e                dcf77_bridge_get_clock_state
 .text.DBG_is_enabled
                0x0800558c       0x38 ./Core/Src/debug.o
                0x0800558c                DBG_is_enabled
 .text.DBG_ready_for_tx
                0x080055c4       0x40 ./Core/Src/debug.o
                0x080055c4                DBG_ready_for_tx
 .text.DBG_msg_fmt
                0x08005604       0x88 ./Core/Src/debug.o
                0x08005604                DBG_msg_fmt
 .text.DBG_TX_Complete_Callback
                0x0800568c       0x20 ./Core/Src/debug.o
                0x0800568c                DBG_TX_Complete_Callback
 .text.MX_DMA_Init
                0x080056ac       0x3c ./Core/Src/dma.o
                0x080056ac                MX_DMA_Init
 .text.MX_GPIO_Init
                0x080056e8       0xcc ./Core/Src/gpio.o
                0x080056e8                MX_GPIO_Init
 .text.dcf77_input_provider
                0x080057b4       0x3c ./Core/Src/main.o
                0x080057b4                dcf77_input_provider
 .text.dcf77_print_time
                0x080057f0       0xec ./Core/Src/main.o
 .text.main     0x080058dc      0x12c ./Core/Src/main.o
                0x080058dc                main
 .text.SystemClock_Config
                0x08005a08       0x74 ./Core/Src/main.o
                0x08005a08                SystemClock_Config
 .text.HAL_TIM_PeriodElapsedCallback
                0x08005a7c       0x2c ./Core/Src/main.o
                0x08005a7c                HAL_TIM_PeriodElapsedCallback
 .text.HAL_UART_TxCpltCallback
                0x08005aa8       0x20 ./Core/Src/main.o
                0x08005aa8                HAL_UART_TxCpltCallback
 .text.Error_Handler
                0x08005ac8        0xc ./Core/Src/main.o
                0x08005ac8                Error_Handler
 .text.HAL_MspInit
                0x08005ad4       0x64 ./Core/Src/stm32f1xx_hal_msp.o
                0x08005ad4                HAL_MspInit
 .text.NMI_Handler
                0x08005b38        0x8 ./Core/Src/stm32f1xx_it.o
                0x08005b38                NMI_Handler
 .text.HardFault_Handler
                0x08005b40        0x8 ./Core/Src/stm32f1xx_it.o
                0x08005b40                HardFault_Handler
 .text.MemManage_Handler
                0x08005b48        0x8 ./Core/Src/stm32f1xx_it.o
                0x08005b48                MemManage_Handler
 .text.BusFault_Handler
                0x08005b50        0x8 ./Core/Src/stm32f1xx_it.o
                0x08005b50                BusFault_Handler
 .text.UsageFault_Handler
                0x08005b58        0x8 ./Core/Src/stm32f1xx_it.o
                0x08005b58                UsageFault_Handler
 .text.SVC_Handler
                0x08005b60        0xc ./Core/Src/stm32f1xx_it.o
                0x08005b60                SVC_Handler
 .text.DebugMon_Handler
                0x08005b6c        0xc ./Core/Src/stm32f1xx_it.o
                0x08005b6c                DebugMon_Handler
 .text.PendSV_Handler
                0x08005b78        0xc ./Core/Src/stm32f1xx_it.o
                0x08005b78                PendSV_Handler
 .text.SysTick_Handler
                0x08005b84        0xc ./Core/Src/stm32f1xx_it.o
                0x08005b84                SysTick_Handler
 .text.DMA1_Channel4_IRQHandler
                0x08005b90       0x14 ./Core/Src/stm32f1xx_it.o
                0x08005b90                DMA1_Channel4_IRQHandler
 .text.TIM2_IRQHandler
                0x08005ba4       0x14 ./Core/Src/stm32f1xx_it.o
                0x08005ba4                TIM2_IRQHandler
 .text.USART1_IRQHandler
                0x08005bb8       0x14 ./Core/Src/stm32f1xx_it.o
                0x08005bb8                USART1_IRQHandler
 .text._sbrk    0x08005bcc       0x6c ./Core/Src/sysmem.o
                0x08005bcc                _sbrk
 .text.SystemInit
                0x08005c38        0xc ./Core/Src/system_stm32f1xx.o
                0x08005c38                SystemInit
 .text.MX_TIM2_Init
                0x08005c44       0x98 ./Core/Src/tim.o
                0x08005c44                MX_TIM2_Init
 .text.HAL_TIM_Base_MspInit
                0x08005cdc       0x48 ./Core/Src/tim.o
                0x08005cdc                HAL_TIM_Base_MspInit
 .text.MX_USART1_UART_Init
                0x08005d24       0x54 ./Core/Src/usart.o
                0x08005d24                MX_USART1_UART_Init
 .text.HAL_UART_MspInit
                0x08005d78       0xfc ./Core/Src/usart.o
                0x08005d78                HAL_UART_MspInit
 .text.Reset_Handler
                0x08005e74       0x48 ./Core/Startup/startup_stm32f103c8tx.o
                0x08005e74                Reset_Handler
 .text.Default_Handler
                0x08005ebc        0x2 ./Core/Startup/startup_stm32f103c8tx.o
                0x08005ebc                RTC_Alarm_IRQHandler
                0x08005ebc                EXTI2_IRQHandler
                0x08005ebc                TIM1_CC_IRQHandler
                0x08005ebc                PVD_IRQHandler
                0x08005ebc                EXTI3_IRQHandler
                0x08005ebc                EXTI0_IRQHandler
                0x08005ebc                I2C2_EV_IRQHandler
                0x08005ebc                ADC1_2_IRQHandler
                0x08005ebc                SPI1_IRQHandler
                0x08005ebc                TAMPER_IRQHandler
                0x08005ebc                USART3_IRQHandler
                0x08005ebc                RTC_IRQHandler
                0x08005ebc                DMA1_Channel7_IRQHandler
                0x08005ebc                CAN1_RX1_IRQHandler
                0x08005ebc                TIM4_IRQHandler
                0x08005ebc                I2C1_EV_IRQHandler
                0x08005ebc                DMA1_Channel6_IRQHandler
                0x08005ebc                TIM3_IRQHandler
                0x08005ebc                RCC_IRQHandler
                0x08005ebc                TIM1_TRG_COM_IRQHandler
                0x08005ebc                DMA1_Channel1_IRQHandler
                0x08005ebc                Default_Handler
                0x08005ebc                EXTI15_10_IRQHandler
                0x08005ebc                EXTI9_5_IRQHandler
                0x08005ebc                SPI2_IRQHandler
                0x08005ebc                DMA1_Channel5_IRQHandler
                0x08005ebc                EXTI4_IRQHandler
                0x08005ebc                USB_LP_CAN1_RX0_IRQHandler
                0x08005ebc                USB_HP_CAN1_TX_IRQHandler
                0x08005ebc                DMA1_Channel3_IRQHandler
                0x08005ebc                TIM1_UP_IRQHandler
                0x08005ebc                WWDG_IRQHandler
                0x08005ebc                TIM1_BRK_IRQHandler
                0x08005ebc                EXTI1_IRQHandler
                0x08005ebc                USART2_IRQHandler
                0x08005ebc                I2C2_ER_IRQHandler
                0x08005ebc                DMA1_Channel2_IRQHandler
                0x08005ebc                CAN1_SCE_IRQHandler
                0x08005ebc                FLASH_IRQHandler
                0x08005ebc                I2C1_ER_IRQHandler
                0x08005ebc                USBWakeUp_IRQHandler
 *fill*         0x08005ebe        0x2 
 .text.HAL_Init
                0x08005ec0       0x2c ./Drivers/STM32F1xx_HAL_Driver/Src/stm32f1xx_hal.o
                0x08005ec0                HAL_Init
 .text.HAL_InitTick
                0x08005eec       0x60 ./Drivers/STM32F1xx_HAL_Driver/Src/stm32f1xx_hal.o
                0x08005eec                HAL_InitTick
 .text.HAL_IncTick
                0x08005f4c       0x24 ./Drivers/STM32F1xx_HAL_Driver/Src/stm32f1xx_hal.o
                0x08005f4c                HAL_IncTick
 .text.HAL_GetTick
                0x08005f70       0x14 ./Drivers/STM32F1xx_HAL_Driver/Src/stm32f1xx_hal.o
                0x08005f70                HAL_GetTick
 .text.HAL_Delay
                0x08005f84       0x48 ./Drivers/STM32F1xx_HAL_Driver/Src/stm32f1xx_hal.o
                0x08005f84                HAL_Delay
 .text.__NVIC_SetPriorityGrouping
                0x08005fcc       0x48 ./Drivers/STM32F1xx_HAL_Driver/Src/stm32f1xx_hal_cortex.o
 .text.__NVIC_GetPriorityGrouping
                0x08006014       0x1c ./Drivers/STM32F1xx_HAL_Driver/Src/stm32f1xx_hal_cortex.o
 .text.__NVIC_EnableIRQ
                0x08006030       0x38 ./Drivers/STM32F1xx_HAL_Driver/Src/stm32f1xx_hal_cortex.o
 .text.__NVIC_SetPriority
                0x08006068       0x54 ./Drivers/STM32F1xx_HAL_Driver/Src/stm32f1xx_hal_cortex.o
 .text.NVIC_EncodePriority
                0x080060bc       0x64 ./Drivers/STM32F1xx_HAL_Driver/Src/stm32f1xx_hal_cortex.o
 .text.SysTick_Config
                0x08006120       0x44 ./Drivers/STM32F1xx_HAL_Driver/Src/stm32f1xx_hal_cortex.o
 .text.HAL_NVIC_SetPriorityGrouping
                0x08006164       0x16 ./Drivers/STM32F1xx_HAL_Driver/Src/stm32f1xx_hal_cortex.o
                0x08006164                HAL_NVIC_SetPriorityGrouping
 .text.HAL_NVIC_SetPriority
                0x0800617a       0x38 ./Drivers/STM32F1xx_HAL_Driver/Src/stm32f1xx_hal_cortex.o
                0x0800617a                HAL_NVIC_SetPriority
 .text.HAL_NVIC_EnableIRQ
                0x080061b2       0x1c ./Drivers/STM32F1xx_HAL_Driver/Src/stm32f1xx_hal_cortex.o
                0x080061b2                HAL_NVIC_EnableIRQ
 .text.HAL_SYSTICK_Config
                0x080061ce       0x18 ./Drivers/STM32F1xx_HAL_Driver/Src/stm32f1xx_hal_cortex.o
                0x080061ce                HAL_SYSTICK_Config
 *fill*         0x080061e6        0x2 
 .text.HAL_DMA_Init
                0x080061e8       0xb4 ./Drivers/STM32F1xx_HAL_Driver/Src/stm32f1xx_hal_dma.o
                0x080061e8                HAL_DMA_Init
 .text.HAL_DMA_Start_IT
                0x0800629c       0xc0 ./Drivers/STM32F1xx_HAL_Driver/Src/stm32f1xx_hal_dma.o
                0x0800629c                HAL_DMA_Start_IT
 .text.HAL_DMA_Abort
                0x0800635c       0x76 ./Drivers/STM32F1xx_HAL_Driver/Src/stm32f1xx_hal_dma.o
                0x0800635c                HAL_DMA_Abort
 *fill*         0x080063d2        0x2 
 .text.HAL_DMA_Abort_IT
                0x080063d4       0xf0 ./Drivers/STM32F1xx_HAL_Driver/Src/stm32f1xx_hal_dma.o
                0x080063d4                HAL_DMA_Abort_IT
 .text.HAL_DMA_IRQHandler
                0x080064c4      0x20c ./Drivers/STM32F1xx_HAL_Driver/Src/stm32f1xx_hal_dma.o
                0x080064c4                HAL_DMA_IRQHandler
 .text.DMA_SetConfig
                0x080066d0       0x5a ./Drivers/STM32F1xx_HAL_Driver/Src/stm32f1xx_hal_dma.o
 *fill*         0x0800672a        0x2 
 .text.HAL_GPIO_Init
                0x0800672c      0x308 ./Drivers/STM32F1xx_HAL_Driver/Src/stm32f1xx_hal_gpio.o
                0x0800672c                HAL_GPIO_Init
 .text.HAL_GPIO_ReadPin
                0x08006a34       0x2e ./Drivers/STM32F1xx_HAL_Driver/Src/stm32f1xx_hal_gpio.o
                0x08006a34                HAL_GPIO_ReadPin
 .text.HAL_GPIO_WritePin
                0x08006a62       0x30 ./Drivers/STM32F1xx_HAL_Driver/Src/stm32f1xx_hal_gpio.o
                0x08006a62                HAL_GPIO_WritePin
 *fill*         0x08006a92        0x2 
 .text.HAL_RCC_OscConfig
                0x08006a94      0x504 ./Drivers/STM32F1xx_HAL_Driver/Src/stm32f1xx_hal_rcc.o
                0x08006a94                HAL_RCC_OscConfig
 .text.HAL_RCC_ClockConfig
                0x08006f98      0x1d4 ./Drivers/STM32F1xx_HAL_Driver/Src/stm32f1xx_hal_rcc.o
                0x08006f98                HAL_RCC_ClockConfig
 .text.HAL_RCC_GetSysClockFreq
                0x0800716c       0xa8 ./Drivers/STM32F1xx_HAL_Driver/Src/stm32f1xx_hal_rcc.o
                0x0800716c                HAL_RCC_GetSysClockFreq
 .text.HAL_RCC_GetHCLKFreq
                0x08007214       0x14 ./Drivers/STM32F1xx_HAL_Driver/Src/stm32f1xx_hal_rcc.o
                0x08007214                HAL_RCC_GetHCLKFreq
 .text.HAL_RCC_GetPCLK1Freq
                0x08007228       0x28 ./Drivers/STM32F1xx_HAL_Driver/Src/stm32f1xx_hal_rcc.o
                0x08007228                HAL_RCC_GetPCLK1Freq
 .text.HAL_RCC_GetPCLK2Freq
                0x08007250       0x28 ./Drivers/STM32F1xx_HAL_Driver/Src/stm32f1xx_hal_rcc.o
                0x08007250                HAL_RCC_GetPCLK2Freq
 .text.RCC_Delay
                0x08007278       0x3c ./Drivers/STM32F1xx_HAL_Driver/Src/stm32f1xx_hal_rcc.o
 .text.HAL_TIM_Base_Init
                0x080072b4       0x9e ./Drivers/STM32F1xx_HAL_Driver/Src/stm32f1xx_hal_tim.o
                0x080072b4                HAL_TIM_Base_Init
 *fill*         0x08007352        0x2 
 .text.HAL_TIM_Base_Start_IT
                0x08007354       0xa4 ./Drivers/STM32F1xx_HAL_Driver/Src/stm32f1xx_hal_tim.o
                0x08007354                HAL_TIM_Base_Start_IT
 .text.HAL_TIM_IRQHandler
                0x080073f8      0x1e0 ./Drivers/STM32F1xx_HAL_Driver/Src/stm32f1xx_hal_tim.o
                0x080073f8                HAL_TIM_IRQHandler
 .text.HAL_TIM_ConfigClockSource
                0x080075d8      0x18e ./Drivers/STM32F1xx_HAL_Driver/Src/stm32f1xx_hal_tim.o
                0x080075d8                HAL_TIM_ConfigClockSource
 .text.HAL_TIM_OC_DelayElapsedCallback
                0x08007766       0x12 ./Drivers/STM32F1xx_HAL_Driver/Src/stm32f1xx_hal_tim.o
                0x08007766                HAL_TIM_OC_DelayElapsedCallback
 .text.HAL_TIM_IC_CaptureCallback
                0x08007778       0x12 ./Drivers/STM32F1xx_HAL_Driver/Src/stm32f1xx_hal_tim.o
                0x08007778                HAL_TIM_IC_CaptureCallback
 .text.HAL_TIM_PWM_PulseFinishedCallback
                0x0800778a       0x12 ./Drivers/STM32F1xx_HAL_Driver/Src/stm32f1xx_hal_tim.o
                0x0800778a                HAL_TIM_PWM_PulseFinishedCallback
 .text.HAL_TIM_TriggerCallback
                0x0800779c       0x12 ./Drivers/STM32F1xx_HAL_Driver/Src/stm32f1xx_hal_tim.o
                0x0800779c                HAL_TIM_TriggerCallback
 *fill*         0x080077ae        0x2 
 .text.TIM_Base_SetConfig
                0x080077b0       0xdc ./Drivers/STM32F1xx_HAL_Driver/Src/stm32f1xx_hal_tim.o
                0x080077b0                TIM_Base_SetConfig
 .text.TIM_TI1_ConfigInputStage
                0x0800788c       0x5c ./Drivers/STM32F1xx_HAL_Driver/Src/stm32f1xx_hal_tim.o
 .text.TIM_TI2_ConfigInputStage
                0x080078e8       0x5e ./Drivers/STM32F1xx_HAL_Driver/Src/stm32f1xx_hal_tim.o
 .text.TIM_ITRx_SetConfig
                0x08007946       0x34 ./Drivers/STM32F1xx_HAL_Driver/Src/stm32f1xx_hal_tim.o
 .text.TIM_ETR_SetConfig
                0x0800797a       0x3e ./Drivers/STM32F1xx_HAL_Driver/Src/stm32f1xx_hal_tim.o
                0x0800797a                TIM_ETR_SetConfig
 .text.HAL_TIMEx_MasterConfigSynchronization
                0x080079b8       0xbc ./Drivers/STM32F1xx_HAL_Driver/Src/stm32f1xx_hal_tim_ex.o
                0x080079b8                HAL_TIMEx_MasterConfigSynchronization
 .text.HAL_TIMEx_CommutCallback
                0x08007a74       0x12 ./Drivers/STM32F1xx_HAL_Driver/Src/stm32f1xx_hal_tim_ex.o
                0x08007a74                HAL_TIMEx_CommutCallback
 .text.HAL_TIMEx_BreakCallback
                0x08007a86       0x12 ./Drivers/STM32F1xx_HAL_Driver/Src/stm32f1xx_hal_tim_ex.o
                0x08007a86                HAL_TIMEx_BreakCallback
 .text.HAL_UART_Init
                0x08007a98       0xa0 ./Drivers/STM32F1xx_HAL_Driver/Src/stm32f1xx_hal_uart.o
                0x08007a98                HAL_UART_Init
 .text.HAL_UART_Transmit
                0x08007b38      0x116 ./Drivers/STM32F1xx_HAL_Driver/Src/stm32f1xx_hal_uart.o
                0x08007b38                HAL_UART_Transmit
 *fill*         0x08007c4e        0x2 
 .text.HAL_UART_Transmit_DMA
                0x08007c50       0xe0 ./Drivers/STM32F1xx_HAL_Driver/Src/stm32f1xx_hal_uart.o
                0x08007c50                HAL_UART_Transmit_DMA
 .text.HAL_UART_IRQHandler
                0x08007d30      0x524 ./Drivers/STM32F1xx_HAL_Driver/Src/stm32f1xx_hal_uart.o
                0x08007d30                HAL_UART_IRQHandler
 .text.HAL_UART_TxHalfCpltCallback
                0x08008254       0x12 ./Drivers/STM32F1xx_HAL_Driver/Src/stm32f1xx_hal_uart.o
                0x08008254                HAL_UART_TxHalfCpltCallback
 .text.HAL_UART_RxCpltCallback
                0x08008266       0x12 ./Drivers/STM32F1xx_HAL_Driver/Src/stm32f1xx_hal_uart.o
                0x08008266                HAL_UART_RxCpltCallback
 .text.HAL_UART_ErrorCallback
                0x08008278       0x12 ./Drivers/STM32F1xx_HAL_Driver/Src/stm32f1xx_hal_uart.o
                0x08008278                HAL_UART_ErrorCallback
 .text.HAL_UARTEx_RxEventCallback
                0x0800828a       0x16 ./Drivers/STM32F1xx_HAL_Driver/Src/stm32f1xx_hal_uart.o
                0x0800828a                HAL_UARTEx_RxEventCallback
 .text.UART_DMATransmitCplt
                0x080082a0       0x9a ./Drivers/STM32F1xx_HAL_Driver/Src/stm32f1xx_hal_uart.o
 .text.UART_DMATxHalfCplt
                0x0800833a       0x1c ./Drivers/STM32F1xx_HAL_Driver/Src/stm32f1xx_hal_uart.o
 .text.UART_DMAError
                0x08008356       0x94 ./Drivers/STM32F1xx_HAL_Driver/Src/stm32f1xx_hal_uart.o
 .text.UART_WaitOnFlagUntilTimeout
                0x080083ea       0xb2 ./Drivers/STM32F1xx_HAL_Driver/Src/stm32f1xx_hal_uart.o
 .text.UART_EndTxTransfer
                0x0800849c       0x4e ./Drivers/STM32F1xx_HAL_Driver/Src/stm32f1xx_hal_uart.o
 .text.UART_EndRxTransfer
                0x080084ea       0xc4 ./Drivers/STM32F1xx_HAL_Driver/Src/stm32f1xx_hal_uart.o
 .text.UART_DMAAbortOnError
                0x080085ae       0x28 ./Drivers/STM32F1xx_HAL_Driver/Src/stm32f1xx_hal_uart.o
 .text.UART_Transmit_IT
                0x080085d6       0x9e ./Drivers/STM32F1xx_HAL_Driver/Src/stm32f1xx_hal_uart.o
 .text.UART_EndTransmit_IT
                0x08008674       0x30 ./Drivers/STM32F1xx_HAL_Driver/Src/stm32f1xx_hal_uart.o
 .text.UART_Receive_IT
                0x080086a4      0x17c ./Drivers/STM32F1xx_HAL_Driver/Src/stm32f1xx_hal_uart.o
 .text.UART_SetConfig
                0x08008820      0x11c ./Drivers/STM32F1xx_HAL_Driver/Src/stm32f1xx_hal_uart.o
 .text.snprintf
                0x0800893c       0x6c C:/ST/STM32CubeIDE_1.17.0/STM32CubeIDE/plugins/com.st.stm32cube.ide.mcu.externaltools.gnu-tools-for-stm32.14.3.rel1.win32_1.0.100.202602081740/tools/bin/../lib/gcc/arm-none-eabi/14.3.1/../../../../arm-none-eabi/lib/thumb/v7-m/nofp\libc_nano.a(libc_a-snprintf.o)
                0x0800893c                sniprintf
                0x0800893c                snprintf
 .text._vsnprintf_r
                0x080089a8       0x5c C:/ST/STM32CubeIDE_1.17.0/STM32CubeIDE/plugins/com.st.stm32cube.ide.mcu.externaltools.gnu-tools-for-stm32.14.3.rel1.win32_1.0.100.202602081740/tools/bin/../lib/gcc/arm-none-eabi/14.3.1/../../../../arm-none-eabi/lib/thumb/v7-m/nofp\libc_nano.a(libc_a-vsnprintf.o)
                0x080089a8                _vsniprintf_r
                0x080089a8                _vsnprintf_r
 .text.vsnprintf
                0x08008a04       0x1c C:/ST/STM32CubeIDE_1.17.0/STM32CubeIDE/plugins/com.st.stm32cube.ide.mcu.externaltools.gnu-tools-for-stm32.14.3.rel1.win32_1.0.100.202602081740/tools/bin/../lib/gcc/arm-none-eabi/14.3.1/../../../../arm-none-eabi/lib/thumb/v7-m/nofp\libc_nano.a(libc_a-vsnprintf.o)
                0x08008a04                vsniprintf
                0x08008a04                vsnprintf
 .text.memset   0x08008a20       0x10 C:/ST/STM32CubeIDE_1.17.0/STM32CubeIDE/plugins/com.st.stm32cube.ide.mcu.externaltools.gnu-tools-for-stm32.14.3.rel1.win32_1.0.100.202602081740/tools/bin/../lib/gcc/arm-none-eabi/14.3.1/../../../../arm-none-eabi/lib/thumb/v7-m/nofp\libc_nano.a(libc_a-memset.o)
                0x08008a20                memset
 .text.__errno  0x08008a30        0xc C:/ST/STM32CubeIDE_1.17.0/STM32CubeIDE/plugins/com.st.stm32cube.ide.mcu.externaltools.gnu-tools-for-stm32.14.3.rel1.win32_1.0.100.202602081740/tools/bin/../lib/gcc/arm-none-eabi/14.3.1/../../../../arm-none-eabi/lib/thumb/v7-m/nofp\libc_nano.a(libc_a-errno.o)
                0x08008a30                __errno
 .text.__libc_init_array
                0x08008a3c       0x48 C:/ST/STM32CubeIDE_1.17.0/STM32CubeIDE/plugins/com.st.stm32cube.ide.mcu.externaltools.gnu-tools-for-stm32.14.3.rel1.win32_1.0.100.202602081740/tools/bin/../lib/gcc/arm-none-eabi/14.3.1/../../../../arm-none-eabi/lib/thumb/v7-m/nofp\libc_nano.a(libc_a-init.o)
                0x08008a3c                __libc_init_array
 .text.__retarget_lock_acquire_recursive
                0x08008a84        0x2 C:/ST/STM32CubeIDE_1.17.0/STM32CubeIDE/plugins/com.st.stm32cube.ide.mcu.externaltools.gnu-tools-for-stm32.14.3.rel1.win32_1.0.100.202602081740/tools/bin/../lib/gcc/arm-none-eabi/14.3.1/../../../../arm-none-eabi/lib/thumb/v7-m/nofp\libc_nano.a(libc_a-lock.o)
                0x08008a84                __retarget_lock_acquire_recursive
 .text.__retarget_lock_release_recursive
                0x08008a86        0x2 C:/ST/STM32CubeIDE_1.17.0/STM32CubeIDE/plugins/com.st.stm32cube.ide.mcu.externaltools.gnu-tools-for-stm32.14.3.rel1.win32_1.0.100.202602081740/tools/bin/../lib/gcc/arm-none-eabi/14.3.1/../../../../arm-none-eabi/lib/thumb/v7-m/nofp\libc_nano.a(libc_a-lock.o)
                0x08008a86                __retarget_lock_release_recursive
 .text.memcpy   0x08008a88       0x1c C:/ST/STM32CubeIDE_1.17.0/STM32CubeIDE/plugins/com.st.stm32cube.ide.mcu.externaltools.gnu-tools-for-stm32.14.3.rel1.win32_1.0.100.202602081740/tools/bin/../lib/gcc/arm-none-eabi/14.3.1/../../../../arm-none-eabi/lib/thumb/v7-m/nofp\libc_nano.a(libc_a-memcpy-stub.o)
                0x08008a88                memcpy
 .text._free_r  0x08008aa4       0x90 C:/ST/STM32CubeIDE_1.17.0/STM32CubeIDE/plugins/com.st.stm32cube.ide.mcu.externaltools.gnu-tools-for-stm32.14.3.rel1.win32_1.0.100.202602081740/tools/bin/../lib/gcc/arm-none-eabi/14.3.1/../../../../arm-none-eabi/lib/thumb/v7-m/nofp\libc_nano.a(libc_a-freer.o)
                0x08008aa4                _free_r
 .text.sbrk_aligned
                0x08008b34       0x44 C:/ST/STM32CubeIDE_1.17.0/STM32CubeIDE/plugins/com.st.stm32cube.ide.mcu.externaltools.gnu-tools-for-stm32.14.3.rel1.win32_1.0.100.202602081740/tools/bin/../lib/gcc/arm-none-eabi/14.3.1/../../../../arm-none-eabi/lib/thumb/v7-m/nofp\libc_nano.a(libc_a-mallocr.o)
 .text._malloc_r
                0x08008b78      0x100 C:/ST/STM32CubeIDE_1.17.0/STM32CubeIDE/plugins/com.st.stm32cube.ide.mcu.externaltools.gnu-tools-for-stm32.14.3.rel1.win32_1.0.100.202602081740/tools/bin/../lib/gcc/arm-none-eabi/14.3.1/../../../../arm-none-eabi/lib/thumb/v7-m/nofp\libc_nano.a(libc_a-mallocr.o)
                0x08008b78                _malloc_r
 .text.__malloc_lock
                0x08008c78        0xc C:/ST/STM32CubeIDE_1.17.0/STM32CubeIDE/plugins/com.st.stm32cube.ide.mcu.externaltools.gnu-tools-for-stm32.14.3.rel1.win32_1.0.100.202602081740/tools/bin/../lib/gcc/arm-none-eabi/14.3.1/../../../../arm-none-eabi/lib/thumb/v7-m/nofp\libc_nano.a(libc_a-mlock.o)
                0x08008c78                __malloc_lock
 .text.__malloc_unlock
                0x08008c84        0xc C:/ST/STM32CubeIDE_1.17.0/STM32CubeIDE/plugins/com.st.stm32cube.ide.mcu.externaltools.gnu-tools-for-stm32.14.3.rel1.win32_1.0.100.202602081740/tools/bin/../lib/gcc/arm-none-eabi/14.3.1/../../../../arm-none-eabi/lib/thumb/v7-m/nofp\libc_nano.a(libc_a-mlock.o)
                0x08008c84                __malloc_unlock
 .text.__ssputs_r
                0x08008c90       0xc0 C:/ST/STM32CubeIDE_1.17.0/STM32CubeIDE/plugins/com.st.stm32cube.ide.mcu.externaltools.gnu-tools-for-stm32.14.3.rel1.win32_1.0.100.202602081740/tools/bin/../lib/gcc/arm-none-eabi/14.3.1/../../../../arm-none-eabi/lib/thumb/v7-m/nofp\libc_nano.a(libc_a-nano-svfprintf.o)
                0x08008c90                __ssputs_r
 .text._svfprintf_r
                0x08008d50      0x1f0 C:/ST/STM32CubeIDE_1.17.0/STM32CubeIDE/plugins/com.st.stm32cube.ide.mcu.externaltools.gnu-tools-for-stm32.14.3.rel1.win32_1.0.100.202602081740/tools/bin/../lib/gcc/arm-none-eabi/14.3.1/../../../../arm-none-eabi/lib/thumb/v7-m/nofp\libc_nano.a(libc_a-nano-svfprintf.o)
                0x08008d50                _svfiprintf_r
                0x08008d50                _svfprintf_r
 .text._printf_common
                0x08008f40       0xe4 C:/ST/STM32CubeIDE_1.17.0/STM32CubeIDE/plugins/com.st.stm32cube.ide.mcu.externaltools.gnu-tools-for-stm32.14.3.rel1.win32_1.0.100.202602081740/tools/bin/../lib/gcc/arm-none-eabi/14.3.1/../../../../arm-none-eabi/lib/thumb/v7-m/nofp\libc_nano.a(libc_a-nano-vfprintf_i.o)
                0x08008f40                _printf_common
 .text._printf_i
                0x08009024      0x24c C:/ST/STM32CubeIDE_1.17.0/STM32CubeIDE/plugins/com.st.stm32cube.ide.mcu.externaltools.gnu-tools-for-stm32.14.3.rel1.win32_1.0.100.202602081740/tools/bin/../lib/gcc/arm-none-eabi/14.3.1/../../../../arm-none-eabi/lib/thumb/v7-m/nofp\libc_nano.a(libc_a-nano-vfprintf_i.o)
                0x08009024                _printf_i
 .text.memmove  0x08009270       0x32 C:/ST/STM32CubeIDE_1.17.0/STM32CubeIDE/plugins/com.st.stm32cube.ide.mcu.externaltools.gnu-tools-for-stm32.14.3.rel1.win32_1.0.100.202602081740/tools/bin/../lib/gcc/arm-none-eabi/14.3.1/../../../../arm-none-eabi/lib/thumb/v7-m/nofp\libc_nano.a(libc_a-memmove.o)
                0x08009270                memmove
 *fill*         0x080092a2        0x2 
 .text._sbrk_r  0x080092a4       0x20 C:/ST/STM32CubeIDE_1.17.0/STM32CubeIDE/plugins/com.st.stm32cube.ide.mcu.externaltools.gnu-tools-for-stm32.14.3.rel1.win32_1.0.100.202602081740/tools/bin/../lib/gcc/arm-none-eabi/14.3.1/../../../../arm-none-eabi/lib/thumb/v7-m/nofp\libc_nano.a(libc_a-sbrkr.o)
                0x080092a4                _sbrk_r
 .text.memchr   0x080092c4       0x1c C:/ST/STM32CubeIDE_1.17.0/STM32CubeIDE/plugins/com.st.stm32cube.ide.mcu.externaltools.gnu-tools-for-stm32.14.3.rel1.win32_1.0.100.202602081740/tools/bin/../lib/gcc/arm-none-eabi/14.3.1/../../../../arm-none-eabi/lib/thumb/v7-m/nofp\libc_nano.a(libc_a-memchr-stub.o)
                0x080092c4                memchr
 .text._realloc_r
                0x080092e0       0x5c C:/ST/STM32CubeIDE_1.17.0/STM32CubeIDE/plugins/com.st.stm32cube.ide.mcu.externaltools.gnu-tools-for-stm32.14.3.rel1.win32_1.0.100.202602081740/tools/bin/../lib/gcc/arm-none-eabi/14.3.1/../../../../arm-none-eabi/lib/thumb/v7-m/nofp\libc_nano.a(libc_a-reallocr.o)
                0x080092e0                _realloc_r
 .text._malloc_usable_size_r
                0x0800933c       0x10 C:/ST/STM32CubeIDE_1.17.0/STM32CubeIDE/plugins/com.st.stm32cube.ide.mcu.externaltools.gnu-tools-for-stm32.14.3.rel1.win32_1.0.100.202602081740/tools/bin/../lib/gcc/arm-none-eabi/14.3.1/../../../../arm-none-eabi/lib/thumb/v7-m/nofp\libc_nano.a(libc_a-msizer.o)
                0x0800933c                _malloc_usable_size_r
 *(.glue_7)
 .glue_7        0x0800934c        0x0 linker stubs
 *(.glue_7t)
 .glue_7t       0x0800934c        0x0 linker stubs
 *(.eh_frame)
 .eh_frame      0x0800934c        0x0 C:/ST/STM32CubeIDE_1.17.0/STM32CubeIDE/plugins/com.st.stm32cube.ide.mcu.externaltools.gnu-tools-for-stm32.14.3.rel1.win32_1.0.100.202602081740/tools/bin/../lib/gcc/arm-none-eabi/14.3.1/thumb/v7-m/nofp/crtbegin.o
 *(.init)
 .init          0x0800934c        0x4 C:/ST/STM32CubeIDE_1.17.0/STM32CubeIDE/plugins/com.st.stm32cube.ide.mcu.externaltools.gnu-tools-for-stm32.14.3.rel1.win32_1.0.100.202602081740/tools/bin/../lib/gcc/arm-none-eabi/14.3.1/thumb/v7-m/nofp/crti.o
                0x0800934c                _init
 .init          0x08009350        0x8 C:/ST/STM32CubeIDE_1.17.0/STM32CubeIDE/plugins/com.st.stm32cube.ide.mcu.externaltools.gnu-tools-for-stm32.14.3.rel1.win32_1.0.100.202602081740/tools/bin/../lib/gcc/arm-none-eabi/14.3.1/thumb/v7-m/nofp/crtn.o
 *(.fini)
 .fini          0x08009358        0x4 C:/ST/STM32CubeIDE_1.17.0/STM32CubeIDE/plugins/com.st.stm32cube.ide.mcu.externaltools.gnu-tools-for-stm32.14.3.rel1.win32_1.0.100.202602081740/tools/bin/../lib/gcc/arm-none-eabi/14.3.1/thumb/v7-m/nofp/crti.o
                0x08009358                _fini
 .fini          0x0800935c        0x8 C:/ST/STM32CubeIDE_1.17.0/STM32CubeIDE/plugins/com.st.stm32cube.ide.mcu.externaltools.gnu-tools-for-stm32.14.3.rel1.win32_1.0.100.202602081740/tools/bin/../lib/gcc/arm-none-eabi/14.3.1/thumb/v7-m/nofp/crtn.o
                0x08009364                        . = ALIGN (0x4)
                0x08009364                        _etext = .

.vfp11_veneer   0x08009364        0x0
 .vfp11_veneer  0x08009364        0x0 linker stubs

.v4_bx          0x08009364        0x0
 .v4_bx         0x08009364        0x0 linker stubs

.iplt           0x08009364        0x0
 .iplt          0x08009364        0x0 C:/ST/STM32CubeIDE_1.17.0/STM32CubeIDE/plugins/com.st.stm32cube.ide.mcu.externaltools.gnu-tools-for-stm32.14.3.rel1.win32_1.0.100.202602081740/tools/bin/../lib/gcc/arm-none-eabi/14.3.1/thumb/v7-m/nofp/crtbegin.o

.rodata         0x08009364      0x160
                0x08009364                        . = ALIGN (0x4)
 *(.rodata)
 .rodata        0x08009364       0x1b ./Core/Src/debug.o
 *fill*         0x0800937f        0x1 
 .rodata        0x08009380       0xe1 ./Core/Src/main.o
 *(.rodata*)
 *fill*         0x08009461        0x3 
 .rodata.AHBPrescTable
                0x08009464       0x10 ./Core/Src/system_stm32f1xx.o
                0x08009464                AHBPrescTable
 .rodata.APBPrescTable
                0x08009474        0x8 ./Core/Src/system_stm32f1xx.o
                0x08009474                APBPrescTable
 .rodata.aPLLMULFactorTable.1
                0x0800947c       0x10 ./Drivers/STM32F1xx_HAL_Driver/Src/stm32f1xx_hal_rcc.o
 .rodata.aPredivFactorTable.0
                0x0800948c        0x2 ./Drivers/STM32F1xx_HAL_Driver/Src/stm32f1xx_hal_rcc.o
 .rodata._svfprintf_r.str1.1
                0x0800948e       0x33 C:/ST/STM32CubeIDE_1.17.0/STM32CubeIDE/plugins/com.st.stm32cube.ide.mcu.externaltools.gnu-tools-for-stm32.14.3.rel1.win32_1.0.100.202602081740/tools/bin/../lib/gcc/arm-none-eabi/14.3.1/../../../../arm-none-eabi/lib/thumb/v7-m/nofp\libc_nano.a(libc_a-nano-svfprintf.o)
                                 0x11 (size before relaxing)
 .rodata._printf_i.str1.1
                0x080094c1       0x22 C:/ST/STM32CubeIDE_1.17.0/STM32CubeIDE/plugins/com.st.stm32cube.ide.mcu.externaltools.gnu-tools-for-stm32.14.3.rel1.win32_1.0.100.202602081740/tools/bin/../lib/gcc/arm-none-eabi/14.3.1/../../../../arm-none-eabi/lib/thumb/v7-m/nofp\libc_nano.a(libc_a-nano-vfprintf_i.o)
                0x080094e4                        . = ALIGN (0x4)
 *fill*         0x080094c1        0x3 

.ARM.extab      0x080094c4        0x0
                0x080094c4                        . = ALIGN (0x4)
 *(.ARM.extab* .gnu.linkonce.armextab.*)
                0x080094c4                        . = ALIGN (0x4)

.ARM            0x080094c4        0x0
                0x080094c4                        . = ALIGN (0x4)
                0x080094c4                        __exidx_start = .
 *(.ARM.exidx*)
                0x080094c4                        __exidx_end = .
                0x080094c4                        . = ALIGN (0x4)

.preinit_array  0x080094c4        0x0
                0x080094c4                        . = ALIGN (0x4)
                0x080094c4                        PROVIDE (__preinit_array_start = .)
 *(.preinit_array*)
                0x080094c4                        PROVIDE (__preinit_array_end = .)
                0x080094c4                        . = ALIGN (0x4)

.init_array     0x080094c4        0x8
                0x080094c4                        . = ALIGN (0x4)
                0x080094c4                        PROVIDE (__init_array_start = .)
 *(SORT_BY_NAME(.init_array.*))
 *(.init_array*)
 .init_array    0x080094c4        0x4 C:/ST/STM32CubeIDE_1.17.0/STM32CubeIDE/plugins/com.st.stm32cube.ide.mcu.externaltools.gnu-tools-for-stm32.14.3.rel1.win32_1.0.100.202602081740/tools/bin/../lib/gcc/arm-none-eabi/14.3.1/thumb/v7-m/nofp/crtbegin.o
 .init_array    0x080094c8        0x4 ./Core/Src/dcf77.o
                0x080094cc                        PROVIDE (__init_array_end = .)
                0x080094cc                        . = ALIGN (0x4)

.fini_array     0x080094cc        0x4
                0x080094cc                        . = ALIGN (0x4)
                [!provide]                        PROVIDE (__fini_array_start = .)
 *(SORT_BY_NAME(.fini_array.*))
 *(.fini_array*)
 .fini_array    0x080094cc        0x4 C:/ST/STM32CubeIDE_1.17.0/STM32CubeIDE/plugins/com.st.stm32cube.ide.mcu.externaltools.gnu-tools-for-stm32.14.3.rel1.win32_1.0.100.202602081740/tools/bin/../lib/gcc/arm-none-eabi/14.3.1/thumb/v7-m/nofp/crtbegin.o
                [!provide]                        PROVIDE (__fini_array_end = .)
                0x080094d0                        . = ALIGN (0x4)
                0x080094d0                        _sidata = LOADADDR (.data)

.rel.dyn        0x080094d0        0x0
 .rel.iplt      0x080094d0        0x0 C:/ST/STM32CubeIDE_1.17.0/STM32CubeIDE/plugins/com.st.stm32cube.ide.mcu.externaltools.gnu-tools-for-stm32.14.3.rel1.win32_1.0.100.202602081740/tools/bin/../lib/gcc/arm-none-eabi/14.3.1/thumb/v7-m/nofp/crtbegin.o

.data           0x20000000       0x60 load address 0x080094d0
                0x20000000                        . = ALIGN (0x4)
                0x20000000                        _sdata = .
 *(.data)
 *(.data*)
 .data._ZN8Internal23Generic_1_kHz_GeneratorL18the_input_providerE
                0x20000000        0x4 ./Core/Src/dcf77.o
 .data.SystemCoreClock
                0x20000004        0x4 ./Core/Src/system_stm32f1xx.o
                0x20000004                SystemCoreClock
 .data.uwTickPrio
                0x20000008        0x4 ./Drivers/STM32F1xx_HAL_Driver/Src/stm32f1xx_hal.o
                0x20000008                uwTickPrio
 .data.uwTickFreq
                0x2000000c        0x1 ./Drivers/STM32F1xx_HAL_Driver/Src/stm32f1xx_hal.o
                0x2000000c                uwTickFreq
 *fill*         0x2000000d        0x3 
 .data._impure_ptr
                0x20000010        0x4 C:/ST/STM32CubeIDE_1.17.0/STM32CubeIDE/plugins/com.st.stm32cube.ide.mcu.externaltools.gnu-tools-for-stm32.14.3.rel1.win32_1.0.100.202602081740/tools/bin/../lib/gcc/arm-none-eabi/14.3.1/../../../../arm-none-eabi/lib/thumb/v7-m/nofp\libc_nano.a(libc_a-impure.o)
                0x20000010                _impure_ptr
 .data._impure_data
                0x20000014       0x4c C:/ST/STM32CubeIDE_1.17.0/STM32CubeIDE/plugins/com.st.stm32cube.ide.mcu.externaltools.gnu-tools-for-stm32.14.3.rel1.win32_1.0.100.202602081740/tools/bin/../lib/gcc/arm-none-eabi/14.3.1/../../../../arm-none-eabi/lib/thumb/v7-m/nofp\libc_nano.a(libc_a-impure.o)
                0x20000014                _impure_data
 *(.RamFunc)
 *(.RamFunc*)
                0x20000060                        . = ALIGN (0x4)
                0x20000060                        _edata = .

.igot.plt       0x20000060        0x0 load address 0x08009530
 .igot.plt      0x20000060        0x0 C:/ST/STM32CubeIDE_1.17.0/STM32CubeIDE/plugins/com.st.stm32cube.ide.mcu.externaltools.gnu-tools-for-stm32.14.3.rel1.win32_1.0.100.202602081740/tools/bin/../lib/gcc/arm-none-eabi/14.3.1/thumb/v7-m/nofp/crtbegin.o
                0x20000060                        . = ALIGN (0x4)

.bss            0x20000060      0xd20 load address 0x08009530
                0x20000060                        _sbss = .
                0x20000060                        __bss_start__ = _sbss
 *(.bss)
 .bss           0x20000060       0x1c C:/ST/STM32CubeIDE_1.17.0/STM32CubeIDE/plugins/com.st.stm32cube.ide.mcu.externaltools.gnu-tools-for-stm32.14.3.rel1.win32_1.0.100.202602081740/tools/bin/../lib/gcc/arm-none-eabi/14.3.1/thumb/v7-m/nofp/crtbegin.o
 *(.bss*)
 .bss._ZN8Internal23DCF77_Frequency_Control19confirmed_precisionE
                0x2000007c        0x1 ./Core/Src/dcf77.o
                0x2000007c                Internal::DCF77_Frequency_Control::confirmed_precision
 *fill*         0x2000007d        0x3 
 .bss._ZN8Internal23DCF77_Frequency_Control17deviation_trackerE
                0x20000080        0x4 ./Core/Src/dcf77.o
                0x20000080                Internal::DCF77_Frequency_Control::deviation_tracker
 .bss._ZN8Internal23DCF77_Frequency_Control17calibration_stateE
                0x20000084        0x1 ./Core/Src/dcf77.o
                0x20000084                Internal::DCF77_Frequency_Control::calibration_state
 *fill*         0x20000085        0x1 
 .bss._ZN8Internal23DCF77_Frequency_Control9deviationE
                0x20000086        0x2 ./Core/Src/dcf77.o
                0x20000086                Internal::DCF77_Frequency_Control::deviation
 .bss._ZN8Internal23Generic_1_kHz_GeneratorL12adjust_pp16mE
                0x20000088        0x2 ./Core/Src/dcf77.o
 *fill*         0x2000008a        0x2 
 .bss._ZN8Internal22DCF77_Clock_ControllerI13ConfigurationNS_23DCF77_Frequency_ControlEE11DemodulatorE
                0x2000008c      0x7fc ./Core/Src/dcf77.o
                0x2000008c                Internal::DCF77_Clock_Controller<Configuration, Internal::DCF77_Frequency_Control>::Demodulator
 .bss._ZGVN8Internal22DCF77_Clock_ControllerI13ConfigurationNS_23DCF77_Frequency_ControlEE11DemodulatorE
                0x20000888        0x4 ./Core/Src/dcf77.o
                0x20000888                guard variable for Internal::DCF77_Clock_Controller<Configuration, Internal::DCF77_Frequency_Control>::Demodulator
 .bss._ZN8Internal22DCF77_Clock_ControllerI13ConfigurationNS_23DCF77_Frequency_ControlEE14Second_DecoderE
                0x2000088c       0x48 ./Core/Src/dcf77.o
                0x2000088c                Internal::DCF77_Clock_Controller<Configuration, Internal::DCF77_Frequency_Control>::Second_Decoder
 .bss._ZN8Internal22DCF77_Clock_ControllerI13ConfigurationNS_23DCF77_Frequency_ControlEE14Minute_DecoderE
                0x200008d4       0x40 ./Core/Src/dcf77.o
                0x200008d4                Internal::DCF77_Clock_Controller<Configuration, Internal::DCF77_Frequency_Control>::Minute_Decoder
 .bss._ZN8Internal22DCF77_Clock_ControllerI13ConfigurationNS_23DCF77_Frequency_ControlEE12Hour_DecoderE
                0x20000914       0x1c ./Core/Src/dcf77.o
                0x20000914                Internal::DCF77_Clock_Controller<Configuration, Internal::DCF77_Frequency_Control>::Hour_Decoder
 .bss._ZN8Internal22DCF77_Clock_ControllerI13ConfigurationNS_23DCF77_Frequency_ControlEE15Weekday_DecoderE
                0x20000930        0xb ./Core/Src/dcf77.o
                0x20000930                Internal::DCF77_Clock_Controller<Configuration, Internal::DCF77_Frequency_Control>::Weekday_Decoder
 *fill*         0x2000093b        0x1 
 .bss._ZN8Internal22DCF77_Clock_ControllerI13ConfigurationNS_23DCF77_Frequency_ControlEE11Day_DecoderE
                0x2000093c       0x23 ./Core/Src/dcf77.o
                0x2000093c                Internal::DCF77_Clock_Controller<Configuration, Internal::DCF77_Frequency_Control>::Day_Decoder
 *fill*         0x2000095f        0x1 
 .bss._ZN8Internal22DCF77_Clock_ControllerI13ConfigurationNS_23DCF77_Frequency_ControlEE13Month_DecoderE
                0x20000960       0x10 ./Core/Src/dcf77.o
                0x20000960                Internal::DCF77_Clock_Controller<Configuration, Internal::DCF77_Frequency_Control>::Month_Decoder
 .bss._ZN8Internal22DCF77_Clock_ControllerI13ConfigurationNS_23DCF77_Frequency_ControlEE12Year_DecoderE
                0x20000970       0x1c ./Core/Src/dcf77.o
                0x20000970                Internal::DCF77_Clock_Controller<Configuration, Internal::DCF77_Frequency_Control>::Year_Decoder
 .bss._ZN8Internal22DCF77_Clock_ControllerI13ConfigurationNS_23DCF77_Frequency_ControlEE12Flag_DecoderE
                0x2000098c        0x5 ./Core/Src/dcf77.o
                0x2000098c                Internal::DCF77_Clock_Controller<Configuration, Internal::DCF77_Frequency_Control>::Flag_Decoder
 .bss._ZN8Internal22DCF77_Clock_ControllerI13ConfigurationNS_23DCF77_Frequency_ControlEE11leap_secondE
                0x20000991        0x1 ./Core/Src/dcf77.o
                0x20000991                Internal::DCF77_Clock_Controller<Configuration, Internal::DCF77_Frequency_Control>::leap_second
 *fill*         0x20000992        0x2 
 .bss._ZN8Internal22DCF77_Clock_ControllerI13ConfigurationNS_23DCF77_Frequency_ControlEE12decoded_timeE
                0x20000994        0x8 ./Core/Src/dcf77.o
                0x20000994                Internal::DCF77_Clock_Controller<Configuration, Internal::DCF77_Frequency_Control>::decoded_time
 .bss._ZN8Internal22DCF77_Clock_ControllerI13ConfigurationNS_23DCF77_Frequency_ControlEE14output_handlerE
                0x2000099c        0x4 ./Core/Src/dcf77.o
                0x2000099c                Internal::DCF77_Clock_Controller<Configuration, Internal::DCF77_Frequency_Control>::output_handler
 .bss._ZN8Internal22DCF77_Clock_ControllerI13ConfigurationNS_23DCF77_Frequency_ControlEE11Local_ClockE
                0x200009a0       0x14 ./Core/Src/dcf77.o
                0x200009a0                Internal::DCF77_Clock_Controller<Configuration, Internal::DCF77_Frequency_Control>::Local_Clock
 .bss._ZN12_GLOBAL__N_125cumulated_phase_deviationE
                0x200009b4        0x4 ./Core/Src/dcf77_bridge.o
 .bss._ZN12_GLOBAL__N_119user_input_providerE
                0x200009b8        0x4 ./Core/Src/dcf77_bridge.o
 .bss._ZN12_GLOBAL__N_119user_output_handlerE
                0x200009bc        0x4 ./Core/Src/dcf77_bridge.o
 .bss.con_buf   0x200009c0      0x180 ./Core/Src/debug.o
                0x200009c0                con_buf
 .bss.dbg_uart_status
                0x20000b40        0x1 ./Core/Src/debug.o
                0x20000b40                dbg_uart_status
 *fill*         0x20000b41        0x3 
 .bss.log_config
                0x20000b44       0x14 ./Core/Src/debug.o
                0x20000b44                log_config
 .bss.timer_1ms
                0x20000b58        0x4 ./Core/Src/main.o
                0x20000b58                timer_1ms
 .bss.__sbrk_heap_end
                0x20000b5c        0x4 ./Core/Src/sysmem.o
 .bss.htim2     0x20000b60       0x48 ./Core/Src/tim.o
                0x20000b60                htim2
 .bss.huart1    0x20000ba8       0x48 ./Core/Src/usart.o
                0x20000ba8                huart1
 .bss.hdma_usart1_tx
                0x20000bf0       0x44 ./Core/Src/usart.o
                0x20000bf0                hdma_usart1_tx
 .bss.uwTick    0x20000c34        0x4 ./Drivers/STM32F1xx_HAL_Driver/Src/stm32f1xx_hal.o
                0x20000c34                uwTick
 .bss.__sf      0x20000c38      0x138 C:/ST/STM32CubeIDE_1.17.0/STM32CubeIDE/plugins/com.st.stm32cube.ide.mcu.externaltools.gnu-tools-for-stm32.14.3.rel1.win32_1.0.100.202602081740/tools/bin/../lib/gcc/arm-none-eabi/14.3.1/../../../../arm-none-eabi/lib/thumb/v7-m/nofp\libc_nano.a(libc_a-findfp.o)
                0x20000c38                __sf
 .bss.errno     0x20000d70        0x4 C:/ST/STM32CubeIDE_1.17.0/STM32CubeIDE/plugins/com.st.stm32cube.ide.mcu.externaltools.gnu-tools-for-stm32.14.3.rel1.win32_1.0.100.202602081740/tools/bin/../lib/gcc/arm-none-eabi/14.3.1/../../../../arm-none-eabi/lib/thumb/v7-m/nofp\libc_nano.a(libc_a-reent.o)
                0x20000d70                errno
 .bss.__lock___malloc_recursive_mutex
                0x20000d74        0x1 C:/ST/STM32CubeIDE_1.17.0/STM32CubeIDE/plugins/com.st.stm32cube.ide.mcu.externaltools.gnu-tools-for-stm32.14.3.rel1.win32_1.0.100.202602081740/tools/bin/../lib/gcc/arm-none-eabi/14.3.1/../../../../arm-none-eabi/lib/thumb/v7-m/nofp\libc_nano.a(libc_a-lock.o)
                0x20000d74                __lock___malloc_recursive_mutex
 *fill*         0x20000d75        0x3 
 .bss.__malloc_sbrk_start
                0x20000d78        0x4 C:/ST/STM32CubeIDE_1.17.0/STM32CubeIDE/plugins/com.st.stm32cube.ide.mcu.externaltools.gnu-tools-for-stm32.14.3.rel1.win32_1.0.100.202602081740/tools/bin/../lib/gcc/arm-none-eabi/14.3.1/../../../../arm-none-eabi/lib/thumb/v7-m/nofp\libc_nano.a(libc_a-mallocr.o)
                0x20000d78                __malloc_sbrk_start
 .bss.__malloc_free_list
                0x20000d7c        0x4 C:/ST/STM32CubeIDE_1.17.0/STM32CubeIDE/plugins/com.st.stm32cube.ide.mcu.externaltools.gnu-tools-for-stm32.14.3.rel1.win32_1.0.100.202602081740/tools/bin/../lib/gcc/arm-none-eabi/14.3.1/../../../../arm-none-eabi/lib/thumb/v7-m/nofp\libc_nano.a(libc_a-mallocr.o)
                0x20000d7c                __malloc_free_list
 *(COMMON)
                0x20000d80                        . = ALIGN (0x4)
                0x20000d80                        _ebss = .
                0x20000d80                        __bss_end__ = _ebss

._user_heap_stack
                0x20000d80      0x600 load address 0x08009530
                0x20000d80                        . = ALIGN (0x8)
                [!provide]                        PROVIDE (end = .)
                0x20000d80                        PROVIDE (_end = .)
                0x20000f80                        . = (. + _Min_Heap_Size)
 *fill*         0x20000d80      0x200 
                0x20001380                        . = (. + _Min_Stack_Size)
 *fill*         0x20000f80      0x400 
                0x20001380                        . = ALIGN (0x8)

/DISCARD/
 libc.a(*)
 libm.a(*)
 libgcc.a(*)

.ARM.attributes
                0x00000000       0x29
 *(.ARM.attributes)
 .ARM.attributes
                0x00000000       0x1d C:/ST/STM32CubeIDE_1.17.0/STM32CubeIDE/plugins/com.st.stm32cube.ide.mcu.externaltools.gnu-tools-for-stm32.14.3.rel1.win32_1.0.100.202602081740/tools/bin/../lib/gcc/arm-none-eabi/14.3.1/thumb/v7-m/nofp/crti.o
 .ARM.attributes
                0x0000001d       0x2d C:/ST/STM32CubeIDE_1.17.0/STM32CubeIDE/plugins/com.st.stm32cube.ide.mcu.externaltools.gnu-tools-for-stm32.14.3.rel1.win32_1.0.100.202602081740/tools/bin/../lib/gcc/arm-none-eabi/14.3.1/thumb/v7-m/nofp/crtbegin.o
 .ARM.attributes
                0x0000004a       0x2d ./Core/Src/dcf77.o
 .ARM.attributes
                0x00000077       0x2d ./Core/Src/dcf77_bridge.o
 .ARM.attributes
                0x000000a4       0x2d ./Core/Src/debug.o
 .ARM.attributes
                0x000000d1       0x2d ./Core/Src/dma.o
 .ARM.attributes
                0x000000fe       0x2d ./Core/Src/gpio.o
 .ARM.attributes
                0x0000012b       0x2d ./Core/Src/main.o
 .ARM.attributes
                0x00000158       0x2d ./Core/Src/stm32f1xx_hal_msp.o
 .ARM.attributes
                0x00000185       0x2d ./Core/Src/stm32f1xx_it.o
 .ARM.attributes
                0x000001b2       0x2d ./Core/Src/sysmem.o
 .ARM.attributes
                0x000001df       0x2d ./Core/Src/system_stm32f1xx.o
 .ARM.attributes
                0x0000020c       0x2d ./Core/Src/tim.o
 .ARM.attributes
                0x00000239       0x2d ./Core/Src/usart.o
 .ARM.attributes
                0x00000266       0x21 ./Core/Startup/startup_stm32f103c8tx.o
 .ARM.attributes
                0x00000287       0x2d ./Drivers/STM32F1xx_HAL_Driver/Src/stm32f1xx_hal.o
 .ARM.attributes
                0x000002b4       0x2d ./Drivers/STM32F1xx_HAL_Driver/Src/stm32f1xx_hal_cortex.o
 .ARM.attributes
                0x000002e1       0x2d ./Drivers/STM32F1xx_HAL_Driver/Src/stm32f1xx_hal_dma.o
 .ARM.attributes
                0x0000030e       0x2d ./Drivers/STM32F1xx_HAL_Driver/Src/stm32f1xx_hal_gpio.o
 .ARM.attributes
                0x0000033b       0x2d ./Drivers/STM32F1xx_HAL_Driver/Src/stm32f1xx_hal_rcc.o
 .ARM.attributes
                0x00000368       0x2d ./Drivers/STM32F1xx_HAL_Driver/Src/stm32f1xx_hal_tim.o
 .ARM.attributes
                0x00000395       0x2d ./Drivers/STM32F1xx_HAL_Driver/Src/stm32f1xx_hal_tim_ex.o
 .ARM.attributes
                0x000003c2       0x2d ./Drivers/STM32F1xx_HAL_Driver/Src/stm32f1xx_hal_uart.o
 .ARM.attributes
                0x000003ef       0x2d C:/ST/STM32CubeIDE_1.17.0/STM32CubeIDE/plugins/com.st.stm32cube.ide.mcu.externaltools.gnu-tools-for-stm32.14.3.rel1.win32_1.0.100.202602081740/tools/bin/../lib/gcc/arm-none-eabi/14.3.1/../../../../arm-none-eabi/lib/thumb/v7-m/nofp\libc_nano.a(libc_a-findfp.o)
 .ARM.attributes
                0x0000041c       0x2d C:/ST/STM32CubeIDE_1.17.0/STM32CubeIDE/plugins/com.st.stm32cube.ide.mcu.externaltools.gnu-tools-for-stm32.14.3.rel1.win32_1.0.100.202602081740/tools/bin/../lib/gcc/arm-none-eabi/14.3.1/../../../../arm-none-eabi/lib/thumb/v7-m/nofp\libc_nano.a(libc_a-snprintf.o)
 .ARM.attributes
                0x00000449       0x2d C:/ST/STM32CubeIDE_1.17.0/STM32CubeIDE/plugins/com.st.stm32cube.ide.mcu.externaltools.gnu-tools-for-stm32.14.3.rel1.win32_1.0.100.202602081740/tools/bin/../lib/gcc/arm-none-eabi/14.3.1/../../../../arm-none-eabi/lib/thumb/v7-m/nofp\libc_nano.a(libc_a-vsnprintf.o)
 .ARM.attributes
                0x00000476       0x2d C:/ST/STM32CubeIDE_1.17.0/STM32CubeIDE/plugins/com.st.stm32cube.ide.mcu.externaltools.gnu-tools-for-stm32.14.3.rel1.win32_1.0.100.202602081740/tools/bin/../lib/gcc/arm-none-eabi/14.3.1/../../../../arm-none-eabi/lib/thumb/v7-m/nofp\libc_nano.a(libc_a-memset.o)
 .ARM.attributes
                0x000004a3       0x2d C:/ST/STM32CubeIDE_1.17.0/STM32CubeIDE/plugins/com.st.stm32cube.ide.mcu.externaltools.gnu-tools-for-stm32.14.3.rel1.win32_1.0.100.202602081740/tools/bin/../lib/gcc/arm-none-eabi/14.3.1/../../../../arm-none-eabi/lib/thumb/v7-m/nofp\libc_nano.a(libc_a-reent.o)
 .ARM.attributes
                0x000004d0       0x2d C:/ST/STM32CubeIDE_1.17.0/STM32CubeIDE/plugins/com.st.stm32cube.ide.mcu.externaltools.gnu-tools-for-stm32.14.3.rel1.win32_1.0.100.202602081740/tools/bin/../lib/gcc/arm-none-eabi/14.3.1/../../../../arm-none-eabi/lib/thumb/v7-m/nofp\libc_nano.a(libc_a-impure.o)
 .ARM.attributes
                0x000004fd       0x2d C:/ST/STM32CubeIDE_1.17.0/STM32CubeIDE/plugins/com.st.stm32cube.ide.mcu.externaltools.gnu-tools-for-stm32.14.3.rel1.win32_1.0.100.202602081740/tools/bin/../lib/gcc/arm-none-eabi/14.3.1/../../../../arm-none-eabi/lib/thumb/v7-m/nofp\libc_nano.a(libc_a-errno.o)
 .ARM.attributes
                0x0000052a       0x2d C:/ST/STM32CubeIDE_1.17.0/STM32CubeIDE/plugins/com.st.stm32cube.ide.mcu.externaltools.gnu-tools-for-stm32.14.3.rel1.win32_1.0.100.202602081740/tools/bin/../lib/gcc/arm-none-eabi/14.3.1/../../../../arm-none-eabi/lib/thumb/v7-m/nofp\libc_nano.a(libc_a-init.o)
 .ARM.attributes