../Core/Inc/dcf77_hal_adapter.h:129:19:int __dcf_disable_irq()	16	static,ignoring_inline_asm
../Core/Inc/dcf77_hal_adapter.h:135:20:void __dcf_restore_irq(int*)	16	static,ignoring_inline_asm
../Core/Src/dcf77_bridge.cpp:88:10:void {anonymous}::internal_output_handler(const Clock::time_t&)	32	static
../Core/Src/dcf77_bridge.cpp:110:13:uint8_t {anonymous}::internal_input_provider()	8	static
../Core/Src/dcf77_bridge.cpp:120:10:void {anonymous}::clock_time_to_bridge(const Clock::time_t&, DCF77_Time_t*)	16	static
../Core/Src/dcf77_bridge.cpp:142:6:void dcf77_bridge_setup(DCF77_InputProvider_t, DCF77_OutputHandler_t)	16	static
../Core/Src/dcf77_bridge.cpp:163:6:void dcf77_bridge_isr_handler()	16	static
../Core/Src/dcf77_bridge.cpp:197:6:void dcf77_bridge_read_current_time(DCF77_Time_t*)	32	static
../Core/Src/dcf77_bridge.cpp:206:6:void dcf77_bridge_read_future_time(DCF77_Time_t*)	32	static
../Core/Src/dcf77_bridge.cpp:215:9:uint8_t dcf77_bridge_get_overall_quality_factor()	8	static
../Core/Src/dcf77_bridge.cpp:221:20:DCF77_ClockState_t dcf77_bridge_get_clock_state()	8	static
../Core/Src/dcf77_bridge.cpp:227:9:uint8_t dcf77_bridge_get_prediction_match()	8	static
../Core/Src/dcf77_bridge.cpp:233:6:void dcf77_bridge_debug()	8	static
../Core/Inc/dcf77.h:1953:21:static void Internal::DCF77_Clock_Controller<Configuration_T, Frequency_Control>::process_1_kHz_tick_data(uint8_t) [with Configuration_T = Configuration; Frequency_Control = Internal::DCF77_Frequency_Control]	16	static
../Core/Inc/dcf77.h:1144:14:void Internal::DCF77_Demodulator<Clock_Controller>::detector(uint8_t) [with Clock_Controller = Internal::DCF77_Clock_Controller<Configuration, Internal::DCF77_Frequency_Control>]	32	static
../Core/Inc/dcf77.h:1560:14:void Internal::DCF77_Local_Clock<Clock_Controller>::process_1_kHz_tick() [with Clock_Controller = Internal::DCF77_Clock_Controller<Configuration, Internal::DCF77_Frequency_Control>]	16	static
../Core/Inc/dcf77.h:1068:14:void Internal::DCF77_Demodulator<Clock_Controller>::detector_stage_2(uint8_t) [with Clock_Controller = Internal::DCF77_Clock_Controller<Configuration, Internal::DCF77_Frequency_Control>]	24	static
../Core/Inc/dcf77.h:2139:21:static void Internal::DCF77_Clock_Controller<Configuration_T, Frequency_Control>::phase_lost_event_handler() [with Configuration_T = Configuration; Frequency_Control = Internal::DCF77_Frequency_Control]	8	static
../Core/Inc/dcf77.h:1915:21:static void Internal::DCF77_Clock_Controller<Configuration_T, Frequency_Control>::local_clock_flush(const Internal::DCF77_Encoder&) [with Configuration_T = Configuration; Frequency_Control = Internal::DCF77_Frequency_Control]	32	static
../Core/Inc/dcf77.h:601:18:void Internal::Binning::bins_t<data_type, noise_type, number_of_bins>::advance_tick() [with data_type = short unsigned int; noise_type = long unsigned int; short unsigned int number_of_bins = 1000]	16	static
../Core/Inc/dcf77.h:945:25:static uint16_t Internal::DCF77_Demodulator<Clock_Controller>::wrap(uint16_t) [with Clock_Controller = Internal::DCF77_Clock_Controller<Configuration, Internal::DCF77_Frequency_Control>]	24	static
../Core/Inc/dcf77.h:1850:21:static void Internal::DCF77_Clock_Controller<Configuration_T, Frequency_Control>::flush() [with Configuration_T = Configuration; Frequency_Control = Internal::DCF77_Frequency_Control]	24	static
../Core/Inc/dcf77.h:1048:14:void Internal::DCF77_Demodulator<Clock_Controller>::decode_200ms(uint8_t, uint8_t) [with Clock_Controller = Internal::DCF77_Clock_Controller<Configuration, Internal::DCF77_Frequency_Control>]	16	static
../Core/Inc/dcf77.h:968:14:void Internal::DCF77_Demodulator<Clock_Controller>::reset_has_tuned_clock() [with Clock_Controller = Internal::DCF77_Clock_Controller<Configuration, Internal::DCF77_Frequency_Control>]	16	static
../Core/Inc/dcf77.h:590:18:void Internal::Binning::bins_t<data_type, noise_type, number_of_bins>::setup() [with data_type = unsigned char; noise_type = unsigned char; short unsigned int number_of_bins = 60]	24	static
../Core/Inc/dcf77.h:590:18:void Internal::Binning::bins_t<data_type, noise_type, number_of_bins>::setup() [with data_type = unsigned char; noise_type = unsigned char; short unsigned int number_of_bins = 24]	24	static
../Core/Inc/dcf77.h:590:18:void Internal::Binning::bins_t<data_type, noise_type, number_of_bins>::setup() [with data_type = unsigned char; noise_type = unsigned char; short unsigned int number_of_bins = 31]	24	static
../Core/Inc/dcf77.h:590:18:void Internal::Binning::bins_t<data_type, noise_type, number_of_bins>::setup() [with data_type = unsigned char; noise_type = unsigned char; short unsigned int number_of_bins = 7]	24	static
../Core/Inc/dcf77.h:590:18:void Internal::Binning::bins_t<data_type, noise_type, number_of_bins>::setup() [with data_type = unsigned char; noise_type = unsigned char; short unsigned int number_of_bins = 12]	24	static
../Core/Inc/dcf77.h:1833:21:static void Internal::DCF77_Clock_Controller<Configuration_T, Frequency_Control>::set_DCF77_Encoder(Internal::DCF77_Encoder&) [with Configuration_T = Configuration; Frequency_Control = Internal::DCF77_Frequency_Control]	24	static
../Core/Inc/dcf77.h:1449:14:void Internal::DCF77_Local_Clock<Clock_Controller>::process_1_Hz_tick(const Internal::DCF77_Encoder&) [with Clock_Controller = Internal::DCF77_Clock_Controller<Configuration, Internal::DCF77_Frequency_Control>]	24	static
../Core/Inc/dcf77.h:1962:21:static void Internal::DCF77_Clock_Controller<Configuration_T, Frequency_Control>::process_single_tick_data(Internal::DCF77::tick_t) [with Configuration_T = Configuration; Frequency_Control = Internal::DCF77_Frequency_Control]	32	static
../Core/Inc/dcf77.h:769:24:BCD::bcd_t Internal::Binning::Decoder<data_type, number_of_bins>::get_time_value() [with data_type = unsigned char; short unsigned int number_of_bins = 60]	24	static
../Core/Inc/dcf77.h:769:24:BCD::bcd_t Internal::Binning::Decoder<data_type, number_of_bins>::get_time_value() [with data_type = unsigned char; short unsigned int number_of_bins = 24]	24	static
../Core/Inc/dcf77.h:769:24:BCD::bcd_t Internal::Binning::Decoder<data_type, number_of_bins>::get_time_value() [with data_type = unsigned char; short unsigned int number_of_bins = 7]	24	static
../Core/Inc/dcf77.h:769:24:BCD::bcd_t Internal::Binning::Decoder<data_type, number_of_bins>::get_time_value() [with data_type = unsigned char; short unsigned int number_of_bins = 31]	24	static
../Core/Inc/dcf77.h:769:24:BCD::bcd_t Internal::Binning::Decoder<data_type, number_of_bins>::get_time_value() [with data_type = unsigned char; short unsigned int number_of_bins = 12]	24	static
../Core/Inc/dcf77.h:2083:24:static uint8_t Internal::DCF77_Clock_Controller<Configuration_T, Frequency_Control>::get_overall_quality_factor() [with Configuration_T = Configuration; Frequency_Control = Internal::DCF77_Frequency_Control]	24	static
../Core/Inc/dcf77.h:2158:21:static void Internal::DCF77_Clock_Controller<Configuration_T, Frequency_Control>::sync_achieved_event_handler() [with Configuration_T = Configuration; Frequency_Control = Internal::DCF77_Frequency_Control]	8	static
../Core/Inc/dcf77.h:2169:21:static void Internal::DCF77_Clock_Controller<Configuration_T, Frequency_Control>::sync_lost_event_handler() [with Configuration_T = Configuration; Frequency_Control = Internal::DCF77_Frequency_Control]	16	static
../Core/Inc/dcf77.h:2205:24:static uint8_t Internal::DCF77_Clock_Controller<Configuration_T, Frequency_Control>::get_demodulator_quality_factor() [with Configuration_T = Configuration; Frequency_Control = Internal::DCF77_Frequency_Control]	8	static
../Core/Inc/dcf77.h:601:18:void Internal::Binning::bins_t<data_type, noise_type, number_of_bins>::advance_tick() [with data_type = unsigned char; noise_type = unsigned char; short unsigned int number_of_bins = 60]	16	static
../Core/Inc/dcf77.h:601:18:void Internal::Binning::bins_t<data_type, noise_type, number_of_bins>::advance_tick() [with data_type = unsigned char; noise_type = unsigned char; short unsigned int number_of_bins = 24]	16	static
../Core/Inc/dcf77.h:601:18:void Internal::Binning::bins_t<data_type, noise_type, number_of_bins>::advance_tick() [with data_type = unsigned char; noise_type = unsigned char; short unsigned int number_of_bins = 7]	16	static
../Core/Inc/dcf77.h:601:18:void Internal::Binning::bins_t<data_type, noise_type, number_of_bins>::advance_tick() [with data_type = unsigned char; noise_type = unsigned char; short unsigned int number_of_bins = 31]	16	static
../Core/Inc/dcf77.h:601:18:void Internal::Binning::bins_t<data_type, noise_type, number_of_bins>::advance_tick() [with data_type = unsigned char; noise_type = unsigned char; short unsigned int number_of_bins = 12]	16	static
../Core/Inc/dcf77.h:616:21:uint8_t Internal::Binning::bins_t<data_type, noise_type, number_of_bins>::get_quality_factor() [with data_type = unsigned char; noise_type = unsigned char; short unsigned int number_of_bins = 60]	40	static
../Core/Inc/dcf77.h:616:21:uint8_t Internal::Binning::bins_t<data_type, noise_type, number_of_bins>::get_quality_factor() [with data_type = short unsigned int; noise_type = long unsigned int; short unsigned int number_of_bins = 1000]	48	static
../Core/Inc/dcf77.h:365:14:void Internal::Arithmetic_Tools::minimize(t&, t) [with t = unsigned char]	16	static
../Core/Inc/dcf77.h:616:21:uint8_t Internal::Binning::bins_t<data_type, noise_type, number_of_bins>::get_quality_factor() [with data_type = unsigned char; noise_type = unsigned char; short unsigned int number_of_bins = 24]	40	static
../Core/Inc/dcf77.h:616:21:uint8_t Internal::Binning::bins_t<data_type, noise_type, number_of_bins>::get_quality_factor() [with data_type = unsigned char; noise_type = unsigned char; short unsigned int number_of_bins = 31]	40	static
../Core/Inc/dcf77.h:616:21:uint8_t Internal::Binning::bins_t<data_type, noise_type, number_of_bins>::get_quality_factor() [with data_type = unsigned char; noise_type = unsigned char; short unsigned int number_of_bins = 12]	40	static
../Core/Inc/dcf77.h:616:21:uint8_t Internal::Binning::bins_t<data_type, noise_type, number_of_bins>::get_quality_factor() [with data_type = unsigned char; noise_type = unsigned char; short unsigned int number_of_bins = 7]	40	static
