../Core/Inc/dcf77_hal_adapter.h:60:20:void _dcf_tx(const uint8_t*, uint16_t)	16	static
../Core/Inc/dcf77_hal_adapter.h:65:20:void _dcf_crlf()	16	static
../Core/Inc/dcf77_hal_adapter.h:76:20:void dcf_putc(int)	24	static
../Core/Inc/dcf77_hal_adapter.h:85:20:void dcf_puts(const char*)	16	static
../Core/Inc/dcf77_hal_adapter.h:93:20:void dcf_putn(int32_t, int)	64	static
../Core/Inc/dcf77_hal_adapter.h:120:20:void dcf_putnl()	8	static
../Core/Inc/dcf77_hal_adapter.h:121:20:void dcf_putsln(const char*)	16	static
../Core/Inc/dcf77_hal_adapter.h:122:20:void dcf_putnln(int32_t, int)	16	static
../Core/Inc/dcf77_hal_adapter.h:129:19:int __dcf_disable_irq()	16	static,ignoring_inline_asm
../Core/Inc/dcf77_hal_adapter.h:135:20:void __dcf_restore_irq(int*)	16	static,ignoring_inline_asm
../Core/Inc/dcf77.h:1675:18:void Internal::DCF77_Frequency_Control::generic_deviation_tracker_t::start(uint8_t)	16	static
../Core/Inc/dcf77.h:1680:18:void Internal::DCF77_Frequency_Control::generic_deviation_tracker_t::process_tick()	16	static
../Core/Inc/dcf77.h:1689:21:int16_t Internal::DCF77_Frequency_Control::generic_deviation_tracker_t::compute_phase_deviation(uint8_t, uint8_t)	24	static
../Core/Inc/dcf77.h:1701:18:bool Internal::DCF77_Frequency_Control::generic_deviation_tracker_t::timeout()	16	static
../Core/Inc/dcf77.h:1706:18:bool Internal::DCF77_Frequency_Control::generic_deviation_tracker_t::good_enough()	16	static
../Core/Src/dcf77.cpp:31:10:void Internal::Debug::debug_helper(char)	16	static
../Core/Src/dcf77.cpp:33:10:void Internal::Debug::bcddigit(uint8_t)	16	static
../Core/Src/dcf77.cpp:41:10:void Internal::Debug::bcddigits(uint8_t)	16	static
../Core/Src/dcf77.cpp:46:10:void Internal::Debug::hexdump(uint8_t)	16	static
../Core/Src/dcf77.cpp:51:10:void Internal::Debug::sprintpp16m(int16_t)	24	static
../Core/Src/dcf77.cpp:70:10:void BCD::print(bcd_t)	16	static
../Core/Src/dcf77.cpp:75:10:void BCD::increment(bcd_t&)	16	static
../Core/Src/dcf77.cpp:89:11:BCD::bcd_t BCD::int_to_bcd(uint8_t)	24	static
../Core/Src/dcf77.cpp:99:13:uint8_t BCD::bcd_to_int(bcd_t)	16	static
../Core/Src/dcf77.cpp:103:10:bool BCD::operator==(bcd_t, bcd_t)	16	static
../Core/Src/dcf77.cpp:106:10:bool BCD::operator!=(bcd_t, bcd_t)	16	static
../Core/Src/dcf77.cpp:109:10:bool BCD::operator>=(bcd_t, bcd_t)	16	static
../Core/Src/dcf77.cpp:112:10:bool BCD::operator<=(bcd_t, bcd_t)	16	static
../Core/Src/dcf77.cpp:115:10:bool BCD::operator>(bcd_t, bcd_t)	16	static
../Core/Src/dcf77.cpp:118:10:bool BCD::operator<(bcd_t, bcd_t)	16	static
../Core/Src/dcf77.cpp:124:10:void Internal::Arithmetic_Tools::bounded_add(uint8_t&, uint8_t)	16	static
../Core/Src/dcf77.cpp:128:10:void Internal::Arithmetic_Tools::bounded_sub(uint8_t&, uint8_t)	16	static
../Core/Src/dcf77.cpp:132:13:uint8_t Internal::Arithmetic_Tools::bit_count(uint8_t)	24	static
../Core/Src/dcf77.cpp:138:13:uint8_t Internal::Arithmetic_Tools::parity(uint8_t)	24	static
../Core/Src/dcf77.cpp:148:13:uint8_t Internal::Arithmetic_Tools::set_bit(uint8_t, uint8_t, uint8_t)	16	static
../Core/Src/dcf77.cpp:154:10:void Internal::DCF77_Flag_Decoder::setup()	16	static
../Core/Src/dcf77.cpp:162:10:static void Internal::DCF77_Flag_Decoder::cummulate(int8_t&, bool)	16	static
../Core/Src/dcf77.cpp:170:10:void Internal::DCF77_Flag_Decoder::process_tick(uint8_t, uint8_t)	16	static
../Core/Src/dcf77.cpp:181:10:void Internal::DCF77_Flag_Decoder::reset_after_previous_hour()	16	static
../Core/Src/dcf77.cpp:193:10:void Internal::DCF77_Flag_Decoder::reset_before_new_day()	16	static
../Core/Src/dcf77.cpp:198:10:bool Internal::DCF77_Flag_Decoder::get_uses_summertime()	16	static
../Core/Src/dcf77.cpp:202:10:bool Internal::DCF77_Flag_Decoder::get_abnormal_transmitter_operation()	16	static
../Core/Src/dcf77.cpp:206:10:bool Internal::DCF77_Flag_Decoder::get_timezone_change_scheduled()	16	static
../Core/Src/dcf77.cpp:210:10:bool Internal::DCF77_Flag_Decoder::get_leap_second_scheduled()	16	static
../Core/Src/dcf77.cpp:214:13:uint8_t Internal::DCF77_Flag_Decoder::get_date_parity()	16	static
../Core/Src/dcf77.cpp:219:10:void Internal::DCF77_Flag_Decoder::get_quality(uint8_t&, uint8_t&, uint8_t&)	24	static
../Core/Src/dcf77.cpp:227:10:void Internal::DCF77_Flag_Decoder::debug()	16	static
../Core/Src/dcf77.cpp:258:10:void Internal::DCF77_Decade_Decoder::process_tick(uint8_t, uint8_t)	16	static
../Core/Src/dcf77.cpp:262:10:void Internal::DCF77_Decade_Decoder::debug()	16	static
../Core/Src/dcf77.cpp:270:10:void Internal::DCF77_Year_Decoder::advance_tick()	16	static
../Core/Src/dcf77.cpp:296:10:void Internal::DCF77_Year_Decoder::process_tick(uint8_t, uint8_t)	16	static
../Core/Src/dcf77.cpp:302:10:void Internal::DCF77_Year_Decoder::get_quality(Internal::Binning::bins_t<unsigned char, unsigned char, 10>::lock_quality_t&)	24	static
../Core/Src/dcf77.cpp:316:13:uint8_t Internal::DCF77_Year_Decoder::get_quality_factor()	24	static
../Core/Src/dcf77.cpp:323:16:BCD::bcd_t Internal::DCF77_Year_Decoder::get_time_value()	24	static
../Core/Src/dcf77.cpp:338:10:void Internal::DCF77_Year_Decoder::setup()	16	static
../Core/Src/dcf77.cpp:344:10:void Internal::DCF77_Year_Decoder::dump()	16	static
../Core/Src/dcf77.cpp:351:10:void Internal::DCF77_Year_Decoder::debug()	16	static
../Core/Src/dcf77.cpp:376:10:void Internal::DCF77_Month_Decoder::process_tick(uint8_t, uint8_t)	16	static
../Core/Src/dcf77.cpp:380:10:void Internal::DCF77_Month_Decoder::debug()	16	static
../Core/Src/dcf77.cpp:402:10:void Internal::DCF77_Weekday_Decoder::process_tick(uint8_t, uint8_t)	16	static
../Core/Src/dcf77.cpp:406:10:void Internal::DCF77_Weekday_Decoder::debug()	16	static
../Core/Src/dcf77.cpp:431:10:void Internal::DCF77_Day_Decoder::process_tick(uint8_t, uint8_t)	16	static
../Core/Src/dcf77.cpp:435:10:void Internal::DCF77_Day_Decoder::debug()	16	static
../Core/Src/dcf77.cpp:461:10:void Internal::DCF77_Hour_Decoder::process_tick(uint8_t, uint8_t)	16	static
../Core/Src/dcf77.cpp:465:10:void Internal::DCF77_Hour_Decoder::debug()	16	static
../Core/Src/dcf77.cpp:493:10:void Internal::DCF77_Minute_Decoder::process_tick(uint8_t, uint8_t)	16	static
../Core/Src/dcf77.cpp:497:10:void Internal::DCF77_Minute_Decoder::debug()	16	static
../Core/Src/dcf77.cpp:505:10:void Internal::DCF77_Second_Decoder::setup()	16	static
../Core/Src/dcf77.cpp:512:13:uint8_t Internal::DCF77_Second_Decoder::get_prediction_match()	16	static
../Core/Src/dcf77.cpp:516:10:void Internal::DCF77_Second_Decoder::set_convolution_time(const Internal::DCF77_Encoder&)	24	static
../Core/Src/dcf77.cpp:529:10:void Internal::DCF77_Second_Decoder::convolution_binning(uint8_t)	56	static
../Core/Src/dcf77.cpp:605:10:void Internal::DCF77_Second_Decoder::sync_mark_binning(uint8_t)	128	static
../Core/Src/dcf77.cpp:698:13:uint8_t Internal::DCF77_Second_Decoder::get_time_value()	24	static
../Core/Src/dcf77.cpp:720:10:void Internal::DCF77_Second_Decoder::binning(Internal::DCF77::tick_t)	16	static
../Core/Src/dcf77.cpp:728:10:void Internal::DCF77_Second_Decoder::debug()	16	static
../Core/Src/dcf77.cpp:749:13:uint8_t Internal::DCF77_Encoder::days_per_month() const	16	static
../Core/Src/dcf77.cpp:761:10:void Internal::DCF77_Encoder::reset()	16	static
../Core/Src/dcf77.cpp:780:13:uint8_t Internal::DCF77_Encoder::get_weekday() const	24	static
../Core/Src/dcf77.cpp:809:16:BCD::bcd_t Internal::DCF77_Encoder::get_bcd_weekday() const	24	static
../Core/Src/dcf77.cpp:820:10:void Internal::DCF77_Encoder::autoset_weekday()	24	static
../Core/Src/dcf77.cpp:824:10:void Internal::DCF77_Encoder::autoset_timezone()	24	static
../Core/Src/dcf77.cpp:892:10:void Internal::DCF77_Encoder::autoset_timezone_change_scheduled()	16	static
../Core/Src/dcf77.cpp:922:10:bool Internal::DCF77_Encoder::verify_leap_second_scheduled(bool) const	24	static
../Core/Src/dcf77.cpp:944:10:void Internal::DCF77_Encoder::autoset_control_bits()	16	static
../Core/Src/dcf77.cpp:952:10:void Internal::DCF77_Encoder::advance_minute()	24	static
../Core/Src/dcf77.cpp:1002:10:void Internal::DCF77_Encoder::advance_second()	16	static
../Core/Src/dcf77.cpp:1020:19:Internal::DCF77::tick_t Internal::DCF77_Encoder::get_current_signal() const	32	static
../Core/Src/dcf77.cpp:1209:10:void Internal::DCF77_Encoder::get_serialized_clock_stream(Internal::DCF77::serialized_clock_stream&) const	32	static
../Core/Src/dcf77.cpp:1245:10:void Internal::DCF77_Encoder::debug() const	16	static
../Core/Src/dcf77.cpp:1278:10:void Internal::DCF77_Encoder::debug(uint16_t) const	40	static
../Core/Src/dcf77.cpp:1311:14:void Internal::DCF77_Naive_Bitstream_Decoder::set_bit(uint8_t, uint8_t, Internal::DCF77_Encoder&)	24	static
../Core/Src/dcf77.cpp:1432:10:void DCF77_Clock::setup()	8	static
../Core/Src/dcf77.cpp:1436:10:void DCF77_Clock::setup(Clock::input_provider_t, Clock::output_handler_t)	16	static
../Core/Src/dcf77.cpp:1442:10:void DCF77_Clock::debug()	8	static
../Core/Src/dcf77.cpp:1446:10:void DCF77_Clock::set_input_provider(Clock::input_provider_t)	16	static
../Core/Src/dcf77.cpp:1450:10:void DCF77_Clock::set_output_handler(Clock::output_handler_t)	16	static
../Core/Src/dcf77.cpp:1454:10:void DCF77_Clock::convert_time(const Internal::DCF77_Encoder&, Clock::time_t&)	24	static
../Core/Src/dcf77.cpp:1467:10:void DCF77_Clock::get_current_time(Clock::time_t&)	24	static
../Core/Src/dcf77.cpp:1474:10:void DCF77_Clock::read_current_time(Clock::time_t&)	24	static
../Core/Src/dcf77.cpp:1481:10:void DCF77_Clock::read_future_time(Clock::time_t&)	24	static
../Core/Src/dcf77.cpp:1489:10:void DCF77_Clock::print(Clock::time_t)	24	static
../Core/Src/dcf77.cpp:1514:13:uint8_t DCF77_Clock::get_overall_quality_factor()	8	static
../Core/Src/dcf77.cpp:1518:26:Clock::clock_state_t DCF77_Clock::get_clock_state()	8	static
../Core/Src/dcf77.cpp:1522:13:uint8_t DCF77_Clock::get_prediction_match()	8	static
../Core/Src/dcf77.cpp:1531:12:static int8_t Internal::DCF77_Frequency_Control::get_confirmed_precision()	4	static
../Core/Src/dcf77.cpp:1535:10:static void Internal::DCF77_Frequency_Control::qualify_calibration()	4	static
../Core/Src/dcf77.cpp:1539:10:static void Internal::DCF77_Frequency_Control::unqualify_calibration()	4	static
../Core/Src/dcf77.cpp:1544:13:static int16_t Internal::DCF77_Frequency_Control::compute_phase_deviation(uint8_t, uint8_t)	16	static
../Core/Src/dcf77.cpp:1549:50:static Internal::DCF77_Frequency_Control::calibration_state_t Internal::DCF77_Frequency_Control::get_calibration_state()	4	static
../Core/Src/dcf77.cpp:1554:13:static int16_t Internal::DCF77_Frequency_Control::get_current_deviation()	4	static
../Core/Src/dcf77.cpp:1558:10:static void Internal::DCF77_Frequency_Control::adjust()	16	static
../Core/Src/dcf77.cpp:1587:10:static void Internal::DCF77_Frequency_Control::process_1_Hz_tick(const Internal::DCF77_Encoder&)	24	static
../Core/Src/dcf77.cpp:1637:10:static void Internal::DCF77_Frequency_Control::process_1_kHz_tick()	8	static
../Core/Src/dcf77.cpp:1641:10:static void Internal::DCF77_Frequency_Control::setup()	4	static
../Core/Src/dcf77.cpp:1643:10:static void Internal::DCF77_Frequency_Control::debug()	8	static
../Core/Src/dcf77.cpp:1665:10:static void Internal::DCF77_No_Frequency_Control::process_1_Hz_tick(const Internal::DCF77_Encoder&)	16	static
../Core/Src/dcf77.cpp:1666:10:static void Internal::DCF77_No_Frequency_Control::process_1_kHz_tick()	4	static
../Core/Src/dcf77.cpp:1667:10:static void Internal::DCF77_No_Frequency_Control::qualify_calibration()	4	static
../Core/Src/dcf77.cpp:1668:10:static void Internal::DCF77_No_Frequency_Control::unqualify_calibration()	4	static
../Core/Src/dcf77.cpp:1669:10:static void Internal::DCF77_No_Frequency_Control::setup()	4	static
../Core/Src/dcf77.cpp:1674:17:uint8_t Internal::Generic_1_kHz_Generator::zero_provider()	4	static
../Core/Src/dcf77.cpp:1682:14:void Internal::Generic_1_kHz_Generator::adjust(int16_t)	24	static
../Core/Src/dcf77.cpp:1689:17:int16_t Internal::Generic_1_kHz_Generator::read_adjustment()	32	static
../Core/Src/dcf77.cpp:1754:14:void Internal::Generic_1_kHz_Generator::setup(Clock::input_provider_t)	16	static
../Core/Src/dcf77.cpp:1757:14:void Internal::Generic_1_kHz_Generator::isr_handler()	8	static
../Core/Inc/dcf77.h:803:18:void Internal::Binning::Decoder<data_type, number_of_bins>::BCD_binning(uint8_t, typename binning_t::signal_t) [with binning_t = Internal::DCF77_Decade_template_parameters::BCD_binning_t; data_type = unsigned char; short unsigned int number_of_bins = 10]	48	static
../Core/Inc/dcf77.h:790:18:void Internal::Binning::Decoder<data_type, number_of_bins>::debug() [with data_type = unsigned char; short unsigned int number_of_bins = 10]	24	static
../Core/Inc/dcf77.h:601:18:void Internal::Binning::bins_t<data_type, noise_type, number_of_bins>::advance_tick() [with data_type = unsigned char; noise_type = unsigned char; short unsigned int number_of_bins = 10]	16	static
../Core/Inc/dcf77.h:769:24:BCD::bcd_t Internal::Binning::Decoder<data_type, number_of_bins>::get_time_value() [with data_type = unsigned char; short unsigned int number_of_bins = 10]	24	static
../Core/Inc/dcf77.h:803:18:void Internal::Binning::Decoder<data_type, number_of_bins>::BCD_binning(uint8_t, typename binning_t::signal_t) [with binning_t = Internal::DCF77_Year_template_parameters::BCD_binning_t; data_type = unsigned char; short unsigned int number_of_bins = 10]	48	static
../Core/Inc/dcf77.h:609:18:void Internal::Binning::bins_t<data_type, noise_type, number_of_bins>::get_quality(lock_quality_t&) [with data_type = unsigned char; noise_type = unsigned char; short unsigned int number_of_bins = 10]	24	static
../Core/Inc/dcf77.h:616:21:uint8_t Internal::Binning::bins_t<data_type, noise_type, number_of_bins>::get_quality_factor() [with data_type = unsigned char; noise_type = unsigned char; short unsigned int number_of_bins = 10]	40	static
../Core/Inc/dcf77.h:590:18:void Internal::Binning::bins_t<data_type, noise_type, number_of_bins>::setup() [with data_type = unsigned char; noise_type = unsigned char; short unsigned int number_of_bins = 10]	24	static
../Core/Inc/dcf77.h:737:18:void Internal::Binning::bins_t<data_type, noise_type, number_of_bins>::dump() [with data_type = unsigned char; noise_type = unsigned char; short unsigned int number_of_bins = 10]	24	static
../Core/Inc/dcf77.h:803:18:void Internal::Binning::Decoder<data_type, number_of_bins>::BCD_binning(uint8_t, typename binning_t::signal_t) [with binning_t = Internal::DCF77_Month_template_parameters::BCD_binning_t; data_type = unsigned char; short unsigned int number_of_bins = 12]	48	static
../Core/Inc/dcf77.h:790:18:void Internal::Binning::Decoder<data_type, number_of_bins>::debug() [with data_type = unsigned char; short unsigned int number_of_bins = 12]	24	static
../Core/Inc/dcf77.h:803:18:void Internal::Binning::Decoder<data_type, number_of_bins>::BCD_binning(uint8_t, typename binning_t::signal_t) [with binning_t = Internal::DCF77_Weekday_template_parameters::BCD_binning_t; data_type = unsigned char; short unsigned int number_of_bins = 7]	48	static
../Core/Inc/dcf77.h:790:18:void Internal::Binning::Decoder<data_type, number_of_bins>::debug() [with data_type = unsigned char; short unsigned int number_of_bins = 7]	24	static
../Core/Inc/dcf77.h:803:18:void Internal::Binning::Decoder<data_type, number_of_bins>::BCD_binning(uint8_t, typename binning_t::signal_t) [with binning_t = Internal::DCF77_Day_template_parameters::BCD_binning_t; data_type = unsigned char; short unsigned int number_of_bins = 31]	48	static
../Core/Inc/dcf77.h:790:18:void Internal::Binning::Decoder<data_type, number_of_bins>::debug() [with data_type = unsigned char; short unsigned int number_of_bins = 31]	24	static
../Core/Inc/dcf77.h:803:18:void Internal::Binning::Decoder<data_type, number_of_bins>::BCD_binning(uint8_t, typename binning_t::signal_t) [with binning_t = Internal::DCF77_Hour_template_parameters::BCD_binning_t; data_type = unsigned char; short unsigned int number_of_bins = 24]	48	static
../Core/Inc/dcf77.h:790:18:void Internal::Binning::Decoder<data_type, number_of_bins>::debug() [with data_type = unsigned char; short unsigned int number_of_bins = 24]	24	static
../Core/Inc/dcf77.h:803:18:void Internal::Binning::Decoder<data_type, number_of_bins>::BCD_binning(uint8_t, typename binning_t::signal_t) [with binning_t = Internal::DCF77_Minute_template_parameters::BCD_binning_t; data_type = unsigned char; short unsigned int number_of_bins = 60]	48	static
../Core/Inc/dcf77.h:790:18:void Internal::Binning::Decoder<data_type, number_of_bins>::debug() [with data_type = unsigned char; short unsigned int number_of_bins = 60]	24	static
../Core/Inc/dcf77.h:590:18:void Internal::Binning::bins_t<data_type, noise_type, number_of_bins>::setup() [with data_type = unsigned char; noise_type = unsigned char; short unsigned int number_of_bins = 60]	24	static
../Core/Inc/dcf77.h:752:18:void Internal::Binning::Decoder<data_type, number_of_bins>::compute_max_index() [with data_type = unsigned char; short unsigned int number_of_bins = 60]	24	static
../Core/Inc/dcf77.h:928:12:Internal::DCF77_Demodulator<Internal::DCF77_Clock_Controller<Configuration, Internal::DCF77_Frequency_Control> >::DCF77_Demodulator()	16	static
../Core/Inc/dcf77.h:2216:21:static void Internal::DCF77_Clock_Controller<Configuration_T, Frequency_Control>::setup() [with Configuration_T = Configuration; Frequency_Control = Internal::DCF77_Frequency_Control]	8	static
../Core/Inc/dcf77.h:1911:21:static void Internal::DCF77_Clock_Controller<Configuration_T, Frequency_Control>::set_output_handler(Clock::output_handler_t) [with Configuration_T = Configuration; Frequency_Control = Internal::DCF77_Frequency_Control]	16	static
../Core/Inc/dcf77.h:2223:21:static void Internal::DCF77_Clock_Controller<Configuration_T, Frequency_Control>::debug() [with Configuration_T = Configuration; Frequency_Control = Internal::DCF77_Frequency_Control]	56	static
../Core/Inc/dcf77.h:1829:21:static void Internal::DCF77_Clock_Controller<Configuration_T, Frequency_Control>::get_current_time(Internal::DCF77_Encoder&) [with Configuration_T = Configuration; Frequency_Control = Internal::DCF77_Frequency_Control]	16	static
../Core/Inc/dcf77.h:2212:21:static void Internal::DCF77_Clock_Controller<Configuration_T, Frequency_Control>::read_current_time(Internal::DCF77_Encoder&) [with Configuration_T = Configuration; Frequency_Control = Internal::DCF77_Frequency_Control]	16	static
../Core/Inc/dcf77.h:2083:24:static uint8_t Internal::DCF77_Clock_Controller<Configuration_T, Frequency_Control>::get_overall_quality_factor() [with Configuration_T = Configuration; Frequency_Control = Internal::DCF77_Frequency_Control]	24	static
../Core/Inc/dcf77.h:2119:37:static Clock::clock_state_t Internal::DCF77_Clock_Controller<Configuration_T, Frequency_Control>::get_clock_state() [with Configuration_T = Configuration; Frequency_Control = Internal::DCF77_Frequency_Control]	8	static
../Core/Inc/dcf77.h:2123:24:static uint8_t Internal::DCF77_Clock_Controller<Configuration_T, Frequency_Control>::get_prediction_match() [with Configuration_T = Configuration; Frequency_Control = Internal::DCF77_Frequency_Control]	8	static
../Core/Inc/dcf77.h:2127:21:static void Internal::DCF77_Clock_Controller<Configuration_T, Frequency_Control>::on_tuned_clock() [with Configuration_T = Configuration; Frequency_Control = Internal::DCF77_Frequency_Control]	8	static
../Core/Inc/dcf77.h:1953:21:static void Internal::DCF77_Clock_Controller<Configuration_T, Frequency_Control>::process_1_kHz_tick_data(uint8_t) [with Configuration_T = Configuration; Frequency_Control = Internal::DCF77_Frequency_Control]	16	static
../Core/Inc/dcf77.h:752:18:void Internal::Binning::Decoder<data_type, number_of_bins>::compute_max_index() [with data_type = unsigned char; short unsigned int number_of_bins = 10]	24	static
../Core/Inc/dcf77.h:567:14:void Internal::Binning::score(data_t&, signal_t, bool) [with data_t = unsigned char; signal_t = unsigned char; signal_t signal_max = 1]	16	static
../Core/Inc/dcf77.h:371:14:void Internal::Arithmetic_Tools::maximize(t&, t) [with t = unsigned char]	16	static
../Core/Inc/dcf77.h:365:14:void Internal::Arithmetic_Tools::minimize(t&, t) [with t = unsigned char]	16	static
../Core/Inc/dcf77.h:752:18:void Internal::Binning::Decoder<data_type, number_of_bins>::compute_max_index() [with data_type = unsigned char; short unsigned int number_of_bins = 12]	24	static
../Core/Inc/dcf77.h:752:18:void Internal::Binning::Decoder<data_type, number_of_bins>::compute_max_index() [with data_type = unsigned char; short unsigned int number_of_bins = 7]	24	static
../Core/Inc/dcf77.h:752:18:void Internal::Binning::Decoder<data_type, number_of_bins>::compute_max_index() [with data_type = unsigned char; short unsigned int number_of_bins = 31]	24	static
../Core/Inc/dcf77.h:752:18:void Internal::Binning::Decoder<data_type, number_of_bins>::compute_max_index() [with data_type = unsigned char; short unsigned int number_of_bins = 24]	24	static
../Core/Inc/dcf77.h:982:14:void Internal::DCF77_Demodulator<Clock_Controller>::setup() [with Clock_Controller = Internal::DCF77_Clock_Controller<Configuration, Internal::DCF77_Frequency_Control>]	16	static
../Core/Inc/dcf77.h:2139:21:static void Internal::DCF77_Clock_Controller<Configuration_T, Frequency_Control>::phase_lost_event_handler() [with Configuration_T = Configuration; Frequency_Control = Internal::DCF77_Frequency_Control]	8	static
../Core/Inc/dcf77.h:1439:14:void Internal::DCF77_Local_Clock<Clock_Controller>::setup() [with Clock_Controller = Internal::DCF77_Clock_Controller<Configuration, Internal::DCF77_Frequency_Control>]	16	static
../Core/Inc/dcf77.h:769:24:BCD::bcd_t Internal::Binning::Decoder<data_type, number_of_bins>::get_time_value() [with data_type = unsigned char; short unsigned int number_of_bins = 60]	24	static
../Core/Inc/dcf77.h:769:24:BCD::bcd_t Internal::Binning::Decoder<data_type, number_of_bins>::get_time_value() [with data_type = unsigned char; short unsigned int number_of_bins = 24]	24	static
../Core/Inc/dcf77.h:769:24:BCD::bcd_t Internal::Binning::Decoder<data_type, number_of_bins>::get_time_value() [with data_type = unsigned char; short unsigned int number_of_bins = 7]	24	static
../Core/Inc/dcf77.h:769:24:BCD::bcd_t Internal::Binning::Decoder<data_type, number_of_bins>::get_time_value() [with data_type = unsigned char; short unsigned int number_of_bins = 31]	24	static
../Core/Inc/dcf77.h:769:24:BCD::bcd_t Internal::Binning::Decoder<data_type, number_of_bins>::get_time_value() [with data_type = unsigned char; short unsigned int number_of_bins = 12]	24	static
../Core/Inc/dcf77.h:2046:21:static void Internal::DCF77_Clock_Controller<Configuration_T, Frequency_Control>::get_quality(clock_quality_t&) [with Configuration_T = Configuration; Frequency_Control = Internal::DCF77_Frequency_Control]	16	static
../Core/Inc/dcf77.h:2072:21:static void Internal::DCF77_Clock_Controller<Configuration_T, Frequency_Control>::get_quality_factor(clock_quality_factor_t&) [with Configuration_T = Configuration; Frequency_Control = Internal::DCF77_Frequency_Control]	16	static
../Core/Inc/dcf77.h:1621:14:void Internal::DCF77_Local_Clock<Clock_Controller>::get_current_time(Internal::DCF77_Encoder&) [with Clock_Controller = Internal::DCF77_Clock_Controller<Configuration, Internal::DCF77_Frequency_Control>]	24	static
../Core/Inc/dcf77.h:1614:14:void Internal::DCF77_Local_Clock<Clock_Controller>::read_current_time(Internal::DCF77_Encoder&) [with Clock_Controller = Internal::DCF77_Clock_Controller<Configuration, Internal::DCF77_Frequency_Control>]	24	static
../Core/Inc/dcf77.h:616:21:uint8_t Internal::Binning::bins_t<data_type, noise_type, number_of_bins>::get_quality_factor() [with data_type = short unsigned int; noise_type = long unsigned int; short unsigned int number_of_bins = 1000]	48	static
../Core/Inc/dcf77.h:616:21:uint8_t Internal::Binning::bins_t<data_type, noise_type, number_of_bins>::get_quality_factor() [with data_type = unsigned char; noise_type = unsigned char; short unsigned int number_of_bins = 60]	40	static
../Core/Inc/dcf77.h:616:21:uint8_t Internal::Binning::bins_t<data_type, noise_type, number_of_bins>::get_quality_factor() [with data_type = unsigned char; noise_type = unsigned char; short unsigned int number_of_bins = 24]	40	static
../Core/Inc/dcf77.h:616:21:uint8_t Internal::Binning::bins_t<data_type, noise_type, number_of_bins>::get_quality_factor() [with data_type = unsigned char; noise_type = unsigned char; short unsigned int number_of_bins = 31]	40	static
../Core/Inc/dcf77.h:616:21:uint8_t Internal::Binning::bins_t<data_type, noise_type, number_of_bins>::get_quality_factor() [with data_type = unsigned char; noise_type = unsigned char; short unsigned int number_of_bins = 12]	40	static
../Core/Inc/dcf77.h:616:21:uint8_t Internal::Binning::bins_t<data_type, noise_type, number_of_bins>::get_quality_factor() [with data_type = unsigned char; noise_type = unsigned char; short unsigned int number_of_bins = 7]	40	static
../Core/Inc/dcf77.h:1609:30:Clock::clock_state_t Internal::DCF77_Local_Clock<Clock_Controller>::get_state() [with Clock_Controller = Internal::DCF77_Clock_Controller<Configuration, Internal::DCF77_Frequency_Control>]	16	static
../Core/Inc/dcf77.h:972:14:void Internal::DCF77_Demodulator<Clock_Controller>::set_has_tuned_clock() [with Clock_Controller = Internal::DCF77_Clock_Controller<Configuration, Internal::DCF77_Frequency_Control>]	16	static
../Core/Inc/dcf77.h:1603:14:void Internal::DCF77_Local_Clock<Clock_Controller>::set_has_tuned_clock() [with Clock_Controller = Internal::DCF77_Clock_Controller<Configuration, Internal::DCF77_Frequency_Control>]	16	static
../Core/Inc/dcf77.h:1144:14:void Internal::DCF77_Demodulator<Clock_Controller>::detector(uint8_t) [with Clock_Controller = Internal::DCF77_Clock_Controller<Configuration, Internal::DCF77_Frequency_Control>]	32	static
../Core/Inc/dcf77.h:1560:14:void Internal::DCF77_Local_Clock<Clock_Controller>::process_1_kHz_tick() [with Clock_Controller = Internal::DCF77_Clock_Controller<Configuration, Internal::DCF77_Frequency_Control>]	16	static
../Core/Inc/dcf77.h:590:18:void Internal::Binning::bins_t<data_type, noise_type, number_of_bins>::setup() [with data_type = short unsigned int; noise_type = long unsigned int; short unsigned int number_of_bins = 1000]	24	static
../Core/Inc/dcf77.h:968:14:void Internal::DCF77_Demodulator<Clock_Controller>::reset_has_tuned_clock() [with Clock_Controller = Internal::DCF77_Clock_Controller<Configuration, Internal::DCF77_Frequency_Control>]	16	static
../Core/Inc/dcf77.h:590:18:void Internal::Binning::bins_t<data_type, noise_type, number_of_bins>::setup() [with data_type = unsigned char; noise_type = unsigned char; short unsigned int number_of_bins = 24]	24	static
../Core/Inc/dcf77.h:590:18:void Internal::Binning::bins_t<data_type, noise_type, number_of_bins>::setup() [with data_type = unsigned char; noise_type = unsigned char; short unsigned int number_of_bins = 31]	24	static
../Core/Inc/dcf77.h:590:18:void Internal::Binning::bins_t<data_type, noise_type, number_of_bins>::setup() [with data_type = unsigned char; noise_type = unsigned char; short unsigned int number_of_bins = 7]	24	static
../Core/Inc/dcf77.h:590:18:void Internal::Binning::bins_t<data_type, noise_type, number_of_bins>::setup() [with data_type = unsigned char; noise_type = unsigned char; short unsigned int number_of_bins = 12]	24	static
../Core/Inc/dcf77.h:609:18:void Internal::Binning::bins_t<data_type, noise_type, number_of_bins>::get_quality(lock_quality_t&) [with data_type = short unsigned int; noise_type = long unsigned int; short unsigned int number_of_bins = 1000]	24	static
../Core/Inc/dcf77.h:609:18:void Internal::Binning::bins_t<data_type, noise_type, number_of_bins>::get_quality(lock_quality_t&) [with data_type = unsigned char; noise_type = unsigned char; short unsigned int number_of_bins = 60]	24	static
../Core/Inc/dcf77.h:609:18:void Internal::Binning::bins_t<data_type, noise_type, number_of_bins>::get_quality(lock_quality_t&) [with data_type = unsigned char; noise_type = unsigned char; short unsigned int number_of_bins = 24]	24	static
../Core/Inc/dcf77.h:609:18:void Internal::Binning::bins_t<data_type, noise_type, number_of_bins>::get_quality(lock_quality_t&) [with data_type = unsigned char; noise_type = unsigned char; short unsigned int number_of_bins = 31]	24	static
../Core/Inc/dcf77.h:609:18:void Internal::Binning::bins_t<data_type, noise_type, number_of_bins>::get_quality(lock_quality_t&) [with data_type = unsigned char; noise_type = unsigned char; short unsigned int number_of_bins = 7]	24	static
../Core/Inc/dcf77.h:609:18:void Internal::Binning::bins_t<data_type, noise_type, number_of_bins>::get_quality(lock_quality_t&) [with data_type = unsigned char; noise_type = unsigned char; short unsigned int number_of_bins = 12]	24	static
../Core/Inc/dcf77.h:1068:14:void Internal::DCF77_Demodulator<Clock_Controller>::detector_stage_2(uint8_t) [with Clock_Controller = Internal::DCF77_Clock_Controller<Configuration, Internal::DCF77_Frequency_Control>]	24	static
../Core/Inc/dcf77.h:1915:21:static void Internal::DCF77_Clock_Controller<Configuration_T, Frequency_Control>::local_clock_flush(const Internal::DCF77_Encoder&) [with Configuration_T = Configuration; Frequency_Control = Internal::DCF77_Frequency_Control]	32	static
../Core/Inc/dcf77.h:601:18:void Internal::Binning::bins_t<data_type, noise_type, number_of_bins>::advance_tick() [with data_type = short unsigned int; noise_type = long unsigned int; short unsigned int number_of_bins = 1000]	16	static
../Core/Inc/dcf77.h:945:25:static uint16_t Internal::DCF77_Demodulator<Clock_Controller>::wrap(uint16_t) [with Clock_Controller = Internal::DCF77_Clock_Controller<Configuration, Internal::DCF77_Frequency_Control>]	24	static
../Core/Inc/dcf77.h:1850:21:static void Internal::DCF77_Clock_Controller<Configuration_T, Frequency_Control>::flush() [with Configuration_T = Configuration; Frequency_Control = Internal::DCF77_Frequency_Control]	24	static
../Core/Inc/dcf77.h:1048:14:void Internal::DCF77_Demodulator<Clock_Controller>::decode_200ms(uint8_t, uint8_t) [with Clock_Controller = Internal::DCF77_Clock_Controller<Configuration, Internal::DCF77_Frequency_Control>]	16	static
../Core/Inc/dcf77.h:1833:21:static void Internal::DCF77_Clock_Controller<Configuration_T, Frequency_Control>::set_DCF77_Encoder(Internal::DCF77_Encoder&) [with Configuration_T = Configuration; Frequency_Control = Internal::DCF77_Frequency_Control]	24	static
../Core/Inc/dcf77.h:1449:14:void Internal::DCF77_Local_Clock<Clock_Controller>::process_1_Hz_tick(const Internal::DCF77_Encoder&) [with Clock_Controller = Internal::DCF77_Clock_Controller<Configuration, Internal::DCF77_Frequency_Control>]	24	static
../Core/Inc/dcf77.h:1962:21:static void Internal::DCF77_Clock_Controller<Configuration_T, Frequency_Control>::process_single_tick_data(Internal::DCF77::tick_t) [with Configuration_T = Configuration; Frequency_Control = Internal::DCF77_Frequency_Control]	32	static
../Core/Inc/dcf77.h:2158:21:static void Internal::DCF77_Clock_Controller<Configuration_T, Frequency_Control>::sync_achieved_event_handler() [with Configuration_T = Configuration; Frequency_Control = Internal::DCF77_Frequency_Control]	8	static
../Core/Inc/dcf77.h:2169:21:static void Internal::DCF77_Clock_Controller<Configuration_T, Frequency_Control>::sync_lost_event_handler() [with Configuration_T = Configuration; Frequency_Control = Internal::DCF77_Frequency_Control]	16	static
../Core/Inc/dcf77.h:2205:24:static uint8_t Internal::DCF77_Clock_Controller<Configuration_T, Frequency_Control>::get_demodulator_quality_factor() [with Configuration_T = Configuration; Frequency_Control = Internal::DCF77_Frequency_Control]	8	static
../Core/Inc/dcf77.h:601:18:void Internal::Binning::bins_t<data_type, noise_type, number_of_bins>::advance_tick() [with data_type = unsigned char; noise_type = unsigned char; short unsigned int number_of_bins = 60]	16	static
../Core/Inc/dcf77.h:601:18:void Internal::Binning::bins_t<data_type, noise_type, number_of_bins>::advance_tick() [with data_type = unsigned char; noise_type = unsigned char; short unsigned int number_of_bins = 24]	16	static
../Core/Inc/dcf77.h:601:18:void Internal::Binning::bins_t<data_type, noise_type, number_of_bins>::advance_tick() [with data_type = unsigned char; noise_type = unsigned char; short unsigned int number_of_bins = 7]	16	static
../Core/Inc/dcf77.h:601:18:void Internal::Binning::bins_t<data_type, noise_type, number_of_bins>::advance_tick() [with data_type = unsigned char; noise_type = unsigned char; short unsigned int number_of_bins = 31]	16	static
../Core/Inc/dcf77.h:601:18:void Internal::Binning::bins_t<data_type, noise_type, number_of_bins>::advance_tick() [with data_type = unsigned char; noise_type = unsigned char; short unsigned int number_of_bins = 12]	16	static
../Core/Src/dcf77.cpp:1762:1:void __static_initialization_and_destruction_0()	8	static
../Core/Src/dcf77.cpp:1762:1:cpp)	8	static
